
> powertimeline@0.3.0 test
> playwright test

[2m[WebServer] [22m
[2m[WebServer] [22m> powertimeline@0.3.0 dev
[2m[WebServer] [22m> vite --port=5174 --strictPort
[2m[WebServer] [22m
[2m[WebServer] [22m
[2m[WebServer] [22m  [32m[1mVITE[22m v7.1.7[39m  [2mready in [0m[1m560[22m[2m[0m ms[22m
[2m[WebServer] [22m
[2m[WebServer] [22m  [32m➜[39m  [1mLocal[22m:   [36mhttp://localhost:[1m5174[22m/[39m
[2m[WebServer] [22m[2m  [32m➜[39m  [1mNetwork[22m[2m: use [22m[1m--host[22m[2m to expose[22m

Running 166 tests using 4 workers

[2m[WebServer] [22m[2m11:06:37[22m [36m[1m[vite][22m[39m [90m[2m(client)[22m[39m [32mhmr update [39m[2m/src/index.css[22m
[2m[WebServer] [22m[2m11:06:37[22m [36m[1m[vite][22m[39m [90m[2m(client)[22m[39m [32mhmr update [39m[2m/src/index.css[22m
  ✓  4 tests\v5\02-cards-placement.spec.ts:4:3 › v5/02 Cards placement › cards render above and below the axis (8.4s)
  ✓  3 tests\v5\01-foundation.smoke.spec.ts:4:3 › v5/01 Foundation › app loads and shows timeline axis (8.4s)
  ✓  1 tests\v5\04-dispatch-band.spec.ts:8:3 › v5/04 Dispatch band (telemetry) › avg events/cluster stays within target band (9.7s)
  ✓  2 tests\v5\03-non-overlap-fit.spec.ts:17:3 › v5/03 Non-overlap fit › cards do not significantly overlap (9.7s)
  ✓  6 tests\v5\06-degrade-promote.spec.ts:5:3 › v5/06 Degrade & Promote (telemetry) › degradation counts and placeholders present (5.0s)
  ✓  7 tests\v5\07-aggregation-policy.spec.ts:5:3 › v5/07 Aggregation policy (telemetry) › aggregation metrics present and event count reconciles (4.2s)
  ✓  9 tests\v5\08-stability-churn.spec.ts:5:3 › v5/08 Stability & churn (telemetry) › small viewport change preserves placements (limited migrations) (6.3s)
  ✓  5 tests\v5\05-capacity-model.spec.ts:7:3 › v5/05 Capacity model (telemetry) › reports total/used cells and utilization (12.5s)
[timeline] RFK 1968: ticks=15 minX=71.0 maxX=1824.0 spread=1753.0
[2m[WebServer] [22m[2m11:07:04[22m [36m[1m[vite][22m[39m [90m[2m(client)[22m[39m [32mhmr update [39m[2m/src/index.css[22m
[2m[WebServer] [22m[2m11:07:04[22m [36m[1m[vite][22m[39m [90m[2m(client)[22m[39m [32mhmr update [39m[2m/src/index.css[22m
[2m[WebServer] [22m[2m11:07:04[22m [36m[1m[vite][22m[39m [90m[2m(client)[22m[39m [32mhmr update [39m[2m/src/index.css[22m
[2m[WebServer] [22m[2m11:07:05[22m [36m[1m[vite][22m[39m [90m[2m(client)[22m[39m [32mhmr update [39m[2m/src/index.css[22m
  ✓  10 tests\v5\09-seeding-scenarios.spec.ts:63:3 › v5/09 Seeding scenarios and screenshots › RFK 1968 — screenshot (9.3s)
[2m[WebServer] [22m[2m11:07:06[22m [36m[1m[vite][22m[39m [90m[2m(client)[22m[39m [32mhmr update [39m[2m/src/index.css[22m
  ✓  8 tests\v5\03-non-overlap-fit.spec.ts:41:3 › v5/03 Non-overlap fit › Napoleon at Fit-All has no card overlaps (15.1s)
[2m[WebServer] [22m[2m11:07:07[22m [36m[1m[vite][22m[39m [90m[2m(client)[22m[39m [32mhmr update [39m[2m/src/index.css[22m
[2m[WebServer] [22m[2m11:07:07[22m [36m[1m[vite][22m[39m [90m[2m(client)[22m[39m [32mhmr update [39m[2m/src/index.css[22m
Half-Column Telemetry: {
  "above": {
    "count": 4,
    "totalSlots": 8,
    "usedSlots": 5,
    "utilization": 62.5,
    "events": 5,
    "eventsPerHalfColumn": [
      1,
      1,
      1,
      2
    ]
  },
  "below": {
    "count": 3,
    "totalSlots": 6,
    "usedSlots": 5,
    "utilization": 83.33333333333334,
    "events": 5,
    "eventsPerHalfColumn": [
      1,
      1,
      3
    ]
  }
}
Placement Metrics: {
  "alternatingPattern": true,
  "spatialClustering": true,
  "temporalDistribution": 87.0749422251568
}
  ✓  12 tests\v5\11-half-column-telemetry.spec.ts:14:3 › Half-Column Telemetry › RFK timeline — enhanced telemetry structure (5.7s)
Test Results:
- Event cards visible: 10
- Timeline anchors: 10
- Unique months shown: Mar 1968, Apr 1968, May 1968, Jun 1968
- Event titles shown: 
- Total events in state: 0
- Date range: undefined to undefined
- View window: undefined
- Internal view: undefined
- Visible window: undefined
[timeline] RFK 1968 coverage: ticks=15 minX=71.0 maxX=1824.0 spread=1753.0
  ✓  13 tests\v5\09-seeding-scenarios.spec.ts:75:3 › v5/09 Seeding scenarios and screenshots › RFK 1968 — timeline date range coverage (9.3s)
5 Events Telemetry: {
  "totalEvents": 5,
  "aboveHalfColumns": {
    "count": 3,
    "totalSlots": 6,
    "usedSlots": 3,
    "utilization": 50,
    "events": 3,
    "eventsPerHalfColumn": [
      1,
      1,
      1
    ]
  },
  "belowHalfColumns": {
    "count": 2,
    "totalSlots": 4,
    "usedSlots": 2,
    "utilization": 50,
    "events": 2,
    "eventsPerHalfColumn": [
      1,
      1
    ]
  },
  "alternatingPattern": true
}
  ✓  11 tests\v5\10-space-optimization.spec.ts:5:3 › v5/10 Space optimization (horizontal & vertical) › validates horizontal space usage telemetry exists (12.7s)
Event distribution: 3 above, 2 below
  ✓  14 tests\v5\12-alternating-pattern.spec.ts:14:3 › Alternating Pattern Tests › Simple incremental events — alternating pattern (8.3s)
  ✓  15 tests\v5\11-half-column-telemetry.spec.ts:74:3 › Half-Column Telemetry › Half-column slot calculation — 2 slots per half-column (7.6s)
[2m[WebServer] [22m[2m11:07:20[22m [36m[1m[vite][22m[39m [90m[2m(client)[22m[39m [32mhmr update [39m[2m/src/index.css[22m
  ✓  17 tests\v5\10-space-optimization.spec.ts:26:3 › v5/10 Space optimization (horizontal & vertical) › validates spatial distribution metrics for dense scenarios (5.8s)
[timeline] JFK 1961-63: ticks=18 minX=34.3 maxX=1911.1 spread=1876.9
[2m[WebServer] [22m[2m11:07:20[22m [36m[1m[vite][22m[39m [90m[2m(client)[22m[39m [32mhmr update [39m[2m/src/index.css[22m
  ✓  16 tests\v5\09-seeding-scenarios.spec.ts:143:3 › v5/09 Seeding scenarios and screenshots › JFK 1961-63 — screenshot (6.4s)
[2m[WebServer] [22m[2m11:07:21[22m [36m[1m[vite][22m[39m [90m[2m(client)[22m[39m [32mhmr update [39m[2m/src/index.css[22m
10 Events Telemetry: {
  "totalEvents": 10,
  "aboveHalfColumns": {
    "count": 4,
    "totalSlots": 8,
    "usedSlots": 5,
    "utilization": 62.5,
    "events": 5,
    "eventsPerHalfColumn": [
      1,
      1,
      1,
      2
    ]
  },
  "belowHalfColumns": {
    "count": 4,
    "totalSlots": 8,
    "usedSlots": 5,
    "utilization": 62.5,
    "events": 5,
    "eventsPerHalfColumn": [
      1,
      1,
      1,
      2
    ]
  },
  "alternatingPattern": true
}
Event distribution: 5 above, 5 below
[2m[WebServer] [22m[2m11:07:21[22m [36m[1m[vite][22m[39m [90m[2m(client)[22m[39m [32mhmr update [39m[2m/src/index.css[22m
  ✓  18 tests\v5\12-alternating-pattern.spec.ts:43:3 › Alternating Pattern Tests › 10 incremental events — alternating pattern (6.6s)
[2m[WebServer] [22m[2m11:07:22[22m [36m[1m[vite][22m[39m [90m[2m(client)[22m[39m [32mhmr update [39m[2m/src/index.css[22m
[2m[WebServer] [22m[2m11:07:22[22m [36m[1m[vite][22m[39m [90m[2m(client)[22m[39m [32mhmr update [39m[2m/src/index.css[22m
[2m[WebServer] [22m[2m11:07:23[22m [36m[1m[vite][22m[39m [90m[2m(client)[22m[39m [32mhmr update [39m[2m/src/index.css[22m
[2m[WebServer] [22m[2m11:07:23[22m [36m[1m[vite][22m[39m [90m[2m(client)[22m[39m [32mhmr update [39m[2m/src/index.css[22m
[2m[WebServer] [22m[2m11:07:24[22m [36m[1m[vite][22m[39m [90m[2m(client)[22m[39m [32mhmr update [39m[2m/src/index.css[22m
  ✓  19 tests\v5\11-half-column-telemetry.spec.ts:101:3 › Half-Column Telemetry › Temporal distribution measurement (7.7s)
[2m[WebServer] [22m[2m11:07:24[22m [36m[1m[vite][22m[39m [90m[2m(client)[22m[39m [32mhmr update [39m[2m/src/index.css[22m
[2m[WebServer] [22m[2m11:07:24[22m [36m[1m[vite][22m[39m [90m[2m(client)[22m[39m [32mhmr update [39m[2m/src/index.css[22m
[2m[WebServer] [22m[2m11:07:24[22m [36m[1m[vite][22m[39m [90m[2m(client)[22m[39m [32mhmr update [39m[2m/src/index.css[22m
[2m[WebServer] [22m[2m11:07:25[22m [36m[1m[vite][22m[39m [90m[2m(client)[22m[39m [32mhmr update [39m[2m/src/index.css[22m
[2m[WebServer] [22m[2m11:07:25[22m [36m[1m[vite][22m[39m [90m[2m(client)[22m[39m [32mhmr update [39m[2m/src/index.css[22m
[2m[WebServer] [22m[2m11:07:26[22m [36m[1m[vite][22m[39m [90m[2m(client)[22m[39m [32mhmr update [39m[2m/src/index.css[22m
[2m[WebServer] [22m[2m11:07:26[22m [36m[1m[vite][22m[39m [90m[2m(client)[22m[39m [32mhmr update [39m[2m/src/index.css[22m
[2m[WebServer] [22m[2m11:07:27[22m [36m[1m[vite][22m[39m [90m[2m(client)[22m[39m [32mhmr update [39m[2m/src/index.css[22m
  ✓  20 tests\v5\10-space-optimization.spec.ts:54:3 › v5/10 Space optimization (horizontal & vertical) › validates screen real estate usage with actual card positions (7.3s)
[2m[WebServer] [22m[2m11:07:28[22m [36m[1m[vite][22m[39m [90m[2m(client)[22m[39m [32mhmr update [39m[2m/src/index.css[22m
[2m[WebServer] [22m[2m11:07:29[22m [36m[1m[vite][22m[39m [90m[2m(client)[22m[39m [32mhmr update [39m[2m/src/index.css[22m
[2m[WebServer] [22m[2m11:07:29[22m [36m[1m[vite][22m[39m [90m[2m(client)[22m[39m [32mhmr update [39m[2m/src/index.css[22m
[2m[WebServer] [22m[2m11:07:29[22m [36m[1m[vite][22m[39m [90m[2m(client)[22m[39m [32mhmr update [39m[2m/src/index.css[22m
[2m[WebServer] [22m[2m11:07:30[22m [36m[1m[vite][22m[39m [90m[2m(client)[22m[39m [32mhmr update [39m[2m/src/index.css[22m
[timeline] Napoleon 1769-1821: ticks=11 minX=51.2 maxX=1931.5 spread=1880.3
[2m[WebServer] [22m[2m11:07:30[22m [36m[1m[vite][22m[39m [90m[2m(client)[22m[39m [32mhmr update [39m[2m/src/index.css[22m
  ✓  21 tests\v5\09-seeding-scenarios.spec.ts:155:3 › v5/09 Seeding scenarios and screenshots › Napoleon 1769-1821 — screenshot (9.5s)
[2m[WebServer] [22m[2m11:07:31[22m [36m[1m[vite][22m[39m [90m[2m(client)[22m[39m [32mhmr update [39m[2m/src/index.css[22m
[2m[WebServer] [22m[2m11:07:31[22m [36m[1m[vite][22m[39m [90m[2m(client)[22m[39m [32mhmr update [39m[2m/src/index.css[22m
Visible cards: 5
Half-column telemetry: {
  "above": {
    "count": 3,
    "totalSlots": 6,
    "usedSlots": 3,
    "utilization": 50,
    "events": 3,
    "eventsPerHalfColumn": [
      1,
      1,
      1
    ]
  },
  "below": {
    "count": 2,
    "totalSlots": 4,
    "usedSlots": 2,
    "utilization": 50,
    "events": 2,
    "eventsPerHalfColumn": [
      1,
      1
    ]
  }
}
[2m[WebServer] [22m[2m11:07:31[22m [36m[1m[vite][22m[39m [90m[2m(client)[22m[39m [32mhmr update [39m[2m/src/index.css[22m
Maximum overlap ratio: 0.000
[2m[WebServer] [22m[2m11:07:32[22m [36m[1m[vite][22m[39m [90m[2m(client)[22m[39m [32mhmr update [39m[2m/src/index.css[22m
[2m[WebServer] [22m[2m11:07:32[22m [36m[1m[vite][22m[39m [90m[2m(client)[22m[39m [32mhmr update [39m[2m/src/index.css[22m
  ✓  22 tests\v5\13-overflow-logic.spec.ts:10:3 › Overflow Logic Tests › Half-column overflow - Simple incremental test (10.5s)
[2m[WebServer] [22m[2m11:07:32[22m [36m[1m[vite][22m[39m [90m[2m(client)[22m[39m [32mhmr update [39m[2m/src/index.css[22m
Found navigation element with selector: aside
Navigation rail bounds: x=0, width=56, right=56
Navigation rail right edge: 56px
Found 16 event cards
✅ Card 0 clear of navigation rail (left edge: 220.75px)
✅ Card 1 clear of navigation rail (left edge: 220.75px)
✅ Card 2 clear of navigation rail (left edge: 220.75px)
✅ Card 3 clear of navigation rail (left edge: 902.96875px)
✅ Card 4 clear of navigation rail (left edge: 1260.703125px)
✅ Card 5 clear of navigation rail (left edge: 1260.703125px)
✅ Card 6 clear of navigation rail (left edge: 1260.703125px)
[2m[WebServer] [22m[2m11:07:34[22m [36m[1m[vite][22m[39m [90m[2m(client)[22m[39m [32mhmr update [39m[2m/src/index.css[22m
✅ Card 7 clear of navigation rail (left edge: 1260.703125px)
✅ Card 8 clear of navigation rail (left edge: 194.15625px)
✅ Card 9 clear of navigation rail (left edge: 194.15625px)
[2m[WebServer] [22m[2m11:07:34[22m [36m[1m[vite][22m[39m [90m[2m(client)[22m[39m [32mhmr update [39m[2m/src/index.css[22m
✅ Card 10 clear of navigation rail (left edge: 867.921875px)
✅ Card 11 clear of navigation rail (left edge: 1249.21875px)
✅ Card 12 clear of navigation rail (left edge: 1249.21875px)
✅ Card 13 clear of navigation rail (left edge: 1249.21875px)
✅ Card 14 clear of navigation rail (left edge: 1249.21875px)
✅ Card 15 clear of navigation rail (left edge: 1620px)

=== SUMMARY ===
Navigation rail width: 56px
Leftmost card position: 194.15625px
Cards overlapping navigation rail: 0/16
[2m[WebServer] [22m[2m11:07:34[22m [36m[1m[vite][22m[39m [90m[2m(client)[22m[39m [32mhmr update [39m[2m/src/index.css[22m
[2m[WebServer] [22m[2m11:07:35[22m [36m[1m[vite][22m[39m [90m[2m(client)[22m[39m [32mhmr update [39m[2m/src/index.css[22m
[2m[WebServer] [22m[2m11:07:35[22m [36m[1m[vite][22m[39m [90m[2m(client)[22m[39m [32mhmr update [39m[2m/src/index.css[22m
  ✓  23 tests\v5\14-navigation-rail-overlap.spec.ts:10:3 › Navigation Rail Overlap Tests › Cards should not be behind navigation rail (10.8s)
  ✓  24 tests\v5\10-space-optimization.spec.ts:114:3 › v5/10 Space optimization (horizontal & vertical) › validates anti-clustering behavior for sparse data (7.4s)
[2m[WebServer] [22m[2m11:07:35[22m [36m[1m[vite][22m[39m [90m[2m(client)[22m[39m [32mhmr update [39m[2m/src/index.css[22m

=== TESTING RFK TIMELINE ===
[2m[WebServer] [22m[2m11:07:37[22m [36m[1m[vite][22m[39m [90m[2m(client)[22m[39m [32mhmr update [39m[2m/src/index.css[22m
[2m[WebServer] [22m[2m11:07:38[22m [36m[1m[vite][22m[39m [90m[2m(client)[22m[39m [32mhmr update [39m[2m/src/index.css[22m
[2m[WebServer] [22m[2m11:07:38[22m [36m[1m[vite][22m[39m [90m[2m(client)[22m[39m [32mhmr update [39m[2m/src/index.css[22m
[2m[WebServer] [22m[2m11:07:39[22m [36m[1m[vite][22m[39m [90m[2m(client)[22m[39m [32mhmr update [39m[2m/src/index.css[22m
[timeline] Long-range: ticks=13 minX=67.8 maxX=1953.6 spread=1885.8
  ✓  25 tests\v5\09-seeding-scenarios.spec.ts:167:3 › v5/09 Seeding scenarios and screenshots › Long-range — screenshot (8.9s)
[2m[WebServer] [22m[2m11:07:40[22m [36m[1m[vite][22m[39m [90m[2m(client)[22m[39m [32mhmr update [39m[2m/src/index.css[22m
[2m[WebServer] [22m[2m11:07:40[22m [36m[1m[vite][22m[39m [90m[2m(client)[22m[39m [32mhmr update [39m[2m/src/index.css[22m
RFK - Total events: 10, Visible cards: 10
[2m[WebServer] [22m[2m11:07:42[22m [36m[1m[vite][22m[39m [90m[2m(client)[22m[39m [32mhmr update [39m[2m/src/index.css[22m
[2m[WebServer] [22m[2m11:07:42[22m [36m[1m[vite][22m[39m [90m[2m(client)[22m[39m [32mhmr update [39m[2m/src/index.css[22m
[2m[WebServer] [22m[2m11:07:42[22m [36m[1m[vite][22m[39m [90m[2m(client)[22m[39m [32mhmr update [39m[2m/src/index.css[22m
[2m[WebServer] [22m[2m11:07:42[22m [36m[1m[vite][22m[39m [90m[2m(client)[22m[39m [32mhmr update [39m[2m/src/index.css[22m
RFK maximum overlap ratio: 0.000

=== TESTING JFK TIMELINE ===
[2m[WebServer] [22m[2m11:07:43[22m [36m[1m[vite][22m[39m [90m[2m(client)[22m[39m [32mhmr update [39m[2m/src/index.css[22m
Found 10 event cards
[2m[WebServer] [22m[2m11:07:43[22m [36m[1m[vite][22m[39m [90m[2m(client)[22m[39m [32mhmr update [39m[2m/src/index.css[22m
Minimum left margin: 192px
[2m[WebServer] [22m[2m11:07:43[22m [36m[1m[vite][22m[39m [90m[2m(client)[22m[39m [32mhmr update [39m[2m/src/index.css[22m
  ✓  27 tests\v5\14-navigation-rail-overlap.spec.ts:101:3 › Navigation Rail Overlap Tests › Cards should have adequate left margin from viewport edge (8.7s)
[2m[WebServer] [22m[2m11:07:44[22m [36m[1m[vite][22m[39m [90m[2m(client)[22m[39m [32mhmr update [39m[2m/src/index.css[22m
JFK - Total events: 16, Visible cards: 16
ℹ️ JFK no overflow needed - all events fit without temporal clustering
[2m[WebServer] [22m[2m11:07:45[22m [36m[1m[vite][22m[39m [90m[2m(client)[22m[39m [32mhmr update [39m[2m/src/index.css[22m
Found 0 overflow badges
No overflow badges found - checking for alternative selectors
Found 4 badges by text pattern
JFK maximum overlap ratio: 0.000

=== SUMMARY ===
RFK: 10 events → 10 cards (overlap: 0.000)
JFK: 16 events → 16 cards (overlap: 0.000)
[2m[WebServer] [22m[2m11:07:46[22m [36m[1m[vite][22m[39m [90m[2m(client)[22m[39m [32mhmr update [39m[2m/src/index.css[22m
Badge 0: x=72.0, y=416.0, width=287.0, height=28.0
  ✓  26 tests\v5\13-overflow-logic.spec.ts:68:3 › Overflow Logic Tests › Half-column overflow - RFK and JFK timeline series test (14.5s)
Badge 1: x=440.1, y=503.5, width=36.3, height=32.0
[2m[WebServer] [22m[2m11:07:47[22m [36m[1m[vite][22m[39m [90m[2m(client)[22m[39m [32mhmr update [39m[2m/src/index.css[22m
Badge 2: x=903.8, y=503.5, width=36.3, height=32.0
Badge 3: x=1579.5, y=516.0, width=44.2, height=32.0
Analyzing 4 visible overflow badges for overlaps

=== OVERFLOW LABEL OVERLAP SUMMARY ===
Total overflow badges: 4
Overlapping pairs: 0
Maximum overlap area: 0.0px²
[2m[WebServer] [22m[2m11:07:47[22m [36m[1m[vite][22m[39m [90m[2m(client)[22m[39m [32mhmr update [39m[2m/src/index.css[22m
  ✓  28 tests\v5\15-overflow-label-overlap.spec.ts:10:3 › Overflow Label Overlap Tests › Overflow indicators should not overlap on timeline (12.4s)
[2m[WebServer] [22m[2m11:07:48[22m [36m[1m[vite][22m[39m [90m[2m(client)[22m[39m [32mhmr update [39m[2m/src/index.css[22m
[2m[WebServer] [22m[2m11:07:48[22m [36m[1m[vite][22m[39m [90m[2m(client)[22m[39m [32mhmr update [39m[2m/src/index.css[22m
[timeline] Clustered x1: ticks=14 minX=78.2 maxX=1910.3 spread=1832.1
[2m[WebServer] [22m[2m11:07:48[22m [36m[1m[vite][22m[39m [90m[2m(client)[22m[39m [32mhmr update [39m[2m/src/index.css[22m
  ✓  29 tests\v5\09-seeding-scenarios.spec.ts:179:3 › v5/09 Seeding scenarios and screenshots › Clustered x1 — screenshot (9.1s)
[2m[WebServer] [22m[2m11:07:49[22m [36m[1m[vite][22m[39m [90m[2m(client)[22m[39m [32mhmr update [39m[2m/src/index.css[22m
Viewport size: 1400x800
Navigation rail bounds: x=0, width=56
Found 8 event cards

=== REAL VIEWPORT LAYOUT SUMMARY ===
Viewport: 1400x800
Navigation rail width: 56px
Cards range: 192.0px to 1138.2px
Cards overlapping navigation rail: 0/8
Cards overflowing right edge: 0/8
  ✓  30 tests\v5\16-real-viewport-layout.spec.ts:10:3 › Real Viewport Layout Tests › Cards should be properly positioned in realistic browser viewport (6.9s)
[2m[WebServer] [22m[2m11:07:51[22m [36m[1m[vite][22m[39m [90m[2m(client)[22m[39m [32mhmr update [39m[2m/src/index.css[22m
[timeline] Clustered x2: ticks=14 minX=78.2 maxX=1910.2 spread=1832.0
  ✓  33 tests\v5\09-seeding-scenarios.spec.ts:191:3 › v5/09 Seeding scenarios and screenshots › Clustered x2 — screenshot (6.9s)
Full zoom (Fit All): 16 cards visible
Badge positions: 215.5, 1037.9, 1733.5
Minimum spacing between badges: 695.6px
  ✓  32 tests\v5\15-overflow-label-overlap.spec.ts:104:3 › Overflow Label Overlap Tests › Overflow badges should have minimum spacing (8.7s)
[2m[WebServer] [22m[2m11:07:56[22m [36m[1m[vite][22m[39m [90m[2m(client)[22m[39m [32mhmr update [39m[2m/src/index.css[22m
Narrow viewport (1000px): nav_overlaps=0, right_overflows=0
Zoomed in: 12 cards visible
  ✓  34 tests\v5\16-real-viewport-layout.spec.ts:88:3 › Real Viewport Layout Tests › Layout should work in narrow viewport (6.6s)
Deep zoom: 10 cards visible
[2m[WebServer] [22m[2m11:07:59[22m [36m[1m[vite][22m[39m [90m[2m(client)[22m[39m [32mhmr update [39m[2m/src/index.css[22m
Zoomed out: 12 cards visible

=== ZOOM FUNCTIONALITY SUMMARY ===
Full zoom → Zoom in: 16 → 12 cards
Zoom in → Deep zoom: 12 → 10 cards
Deep zoom → Zoom out: 10 → 12 cards
[2m[WebServer] [22m[2m11:08:00[22m [36m[1m[vite][22m[39m [90m[2m(client)[22m[39m [32mhmr update [39m[2m/src/index.css[22m
  ✓  31 tests\v5\17-zoom-functionality.spec.ts:13:3 › Zoom Functionality Tests › Zoom controls should filter visible events (13.5s)
[timeline] Clustered x3: ticks=14 minX=78.2 maxX=1910.2 spread=1832.0
  ✓  35 tests\v5\09-seeding-scenarios.spec.ts:204:3 › v5/09 Seeding scenarios and screenshots › Clustered x3 — screenshot (5.7s)
[2m[WebServer] [22m[2m11:08:01[22m [36m[1m[vite][22m[39m [90m[2m(client)[22m[39m [32mhmr update [39m[2m/src/index.css[22m
Initial Napoleon timeline: 49 cards
Testing extreme zoom in limits...
Initial cursor position: (350.75, 445)
Initial card bounds: x=220.75, y=399, w=260, h=92
After zoom in - Card center: (322, 406.5)
Distance from cursor: 48.05px
[2m[WebServer] [22m[2m11:08:05[22m [36m[1m[vite][22m[39m [90m[2m(client)[22m[39m [32mhmr update [39m[2m/src/index.css[22m
After zoom out - Card center: (350.75, 445)
Final distance from cursor: 0.00px
Initial: 16 cards
  ✓  36 tests\v5\18-zoom-stability.spec.ts:13:3 › Zoom Stability Tests › Cursor anchoring - Event should stay under cursor during zoom (9.4s)
[2m[WebServer] [22m[2m11:08:06[22m [36m[1m[vite][22m[39m [90m[2m(client)[22m[39m [32mhmr update [39m[2m/src/index.css[22m
Ctrl+Wheel zoom in: 12 cards
[2m[WebServer] [22m[2m11:08:07[22m [36m[1m[vite][22m[39m [90m[2m(client)[22m[39m [32mhmr update [39m[2m/src/index.css[22m
Ctrl+Wheel zoom out: 16 cards
[2m[WebServer] [22m[2m11:08:07[22m [36m[1m[vite][22m[39m [90m[2m(client)[22m[39m [32mhmr update [39m[2m/src/index.css[22m
  ✓  38 tests\v5\17-zoom-functionality.spec.ts:77:3 › Zoom Functionality Tests › Mouse wheel zoom should work with Ctrl key (7.1s)
[2m[WebServer] [22m[2m11:08:07[22m [36m[1m[vite][22m[39m [90m[2m(client)[22m[39m [32mhmr update [39m[2m/src/index.css[22m
[2m[WebServer] [22m[2m11:08:07[22m [36m[1m[vite][22m[39m [90m[2m(client)[22m[39m [32mhmr update [39m[2m/src/index.css[22m
[timeline] Clustered x5: ticks=14 minX=78.2 maxX=1910.2 spread=1832.0
[2m[WebServer] [22m[2m11:08:09[22m [36m[1m[vite][22m[39m [90m[2m(client)[22m[39m [32mhmr update [39m[2m/src/index.css[22m
  ✓  39 tests\v5\09-seeding-scenarios.spec.ts:218:3 › v5/09 Seeding scenarios and screenshots › Clustered x5 — screenshot (8.0s)
Extreme max zoom: 0 cards, 0 overflow badges
[2m[WebServer] [22m[2m11:08:10[22m [36m[1m[vite][22m[39m [90m[2m(client)[22m[39m [32mhmr update [39m[2m/src/index.css[22m
[2m[WebServer] [22m[2m11:08:10[22m [36m[1m[vite][22m[39m [90m[2m(client)[22m[39m [32mhmr update [39m[2m/src/index.css[22m
[2m[WebServer] [22m[2m11:08:10[22m [36m[1m[vite][22m[39m [90m[2m(client)[22m[39m [32mhmr update [39m[2m/src/index.css[22m
[2m[WebServer] [22m[2m11:08:10[22m [36m[1m[vite][22m[39m [90m[2m(client)[22m[39m [32mhmr update [39m[2m/src/index.css[22m
[2m[WebServer] [22m[2m11:08:11[22m [36m[1m[vite][22m[39m [90m[2m(client)[22m[39m [32mhmr update [39m[2m/src/index.css[22m
[2m[WebServer] [22m[2m11:08:11[22m [36m[1m[vite][22m[39m [90m[2m(client)[22m[39m [32mhmr update [39m[2m/src/index.css[22m
[2m[WebServer] [22m[2m11:08:12[22m [36m[1m[vite][22m[39m [90m[2m(client)[22m[39m [32mhmr update [39m[2m/src/index.css[22m
[2m[WebServer] [22m[2m11:08:12[22m [36m[1m[vite][22m[39m [90m[2m(client)[22m[39m [32mhmr update [39m[2m/src/index.css[22m
[2m[WebServer] [22m[2m11:08:12[22m [36m[1m[vite][22m[39m [90m[2m(client)[22m[39m [32mhmr update [39m[2m/src/index.css[22m
[2m[WebServer] [22m[2m11:08:12[22m [36m[1m[vite][22m[39m [90m[2m(client)[22m[39m [32mhmr update [39m[2m/src/index.css[22m
[2m[WebServer] [22m[2m11:08:13[22m [36m[1m[vite][22m[39m [90m[2m(client)[22m[39m [32mhmr update [39m[2m/src/index.css[22m
initial: 30 cards, 1 badges, 0 off-screen, 0 overlaps
[2m[WebServer] [22m[2m11:08:14[22m [36m[1m[vite][22m[39m [90m[2m(client)[22m[39m [32mhmr update [39m[2m/src/index.css[22m
[2m[WebServer] [22m[2m11:08:14[22m [36m[1m[vite][22m[39m [90m[2m(client)[22m[39m [32mhmr update [39m[2m/src/index.css[22m
[2m[WebServer] [22m[2m11:08:14[22m [36m[1m[vite][22m[39m [90m[2m(client)[22m[39m [32mhmr update [39m[2m/src/index.css[22m
[2m[WebServer] [22m[2m11:08:15[22m [36m[1m[vite][22m[39m [90m[2m(client)[22m[39m [32mhmr update [39m[2m/src/index.css[22m
[2m[WebServer] [22m[2m11:08:15[22m [36m[1m[vite][22m[39m [90m[2m(client)[22m[39m [32mhmr update [39m[2m/src/index.css[22m
[2m[WebServer] [22m[2m11:08:15[22m [36m[1m[vite][22m[39m [90m[2m(client)[22m[39m [32mhmr update [39m[2m/src/index.css[22m
  ✘  37 tests\v5\19-zoom-edge-cases.spec.ts:19:3 › Zoom Edge Cases Tests › Extreme zoom limits should not break system (14.2s)
Initial: 10 cards
zoom-in-1x: 20 cards, 1 badges, 0 off-screen, 0 overlaps
[2m[WebServer] [22m[2m11:08:17[22m [36m[1m[vite][22m[39m [90m[2m(client)[22m[39m [32mhmr update [39m[2m/src/index.css[22m
Keyboard zoom in (+): 5 cards
[2m[WebServer] [22m[2m11:08:18[22m [36m[1m[vite][22m[39m [90m[2m(client)[22m[39m [32mhmr update [39m[2m/src/index.css[22m
[2m[WebServer] [22m[2m11:08:18[22m [36m[1m[vite][22m[39m [90m[2m(client)[22m[39m [32mhmr update [39m[2m/src/index.css[22m
Keyboard zoom out (-): 10 cards

🔍 TIMELINE ANALYSIS:
Real timeline range: 3/27/1746 to 5/5/1821
Total cards visible: 49

📍 Testing cursor at 10%-start (10%) - expect 1746-1760
[2m[WebServer] [22m[2m11:08:18[22m [36m[1m[vite][22m[39m [90m[2m(client)[22m[39m [32mhmr update [39m[2m/src/index.css[22m
  ✓  41 tests\v5\17-zoom-functionality.spec.ts:126:3 › Zoom Functionality Tests › Keyboard zoom shortcuts should work (11.1s)
Cursor positioned at: (310.4, 400)
[2m[WebServer] [22m[2m11:08:20[22m [36m[1m[vite][22m[39m [90m[2m(client)[22m[39m [32mhmr update [39m[2m/src/index.css[22m
[2m[WebServer] [22m[2m11:08:20[22m [36m[1m[vite][22m[39m [90m[2m(client)[22m[39m [32mhmr update [39m[2m/src/index.css[22m
zoom-in-2x: 17 cards, 1 badges, 0 off-screen, 0 overlaps
Result: 49 cards, range 3/27/1746 to 5/5/1821

📍 Testing cursor at 50%-middle (50%) - expect 1774-1780
[2m[WebServer] [22m[2m11:08:20[22m [36m[1m[vite][22m[39m [90m[2m(client)[22m[39m [32mhmr update [39m[2m/src/index.css[22m
[2m[WebServer] [22m[2m11:08:20[22m [36m[1m[vite][22m[39m [90m[2m(client)[22m[39m [32mhmr update [39m[2m/src/index.css[22m
Cursor positioned at: (1008, 400)
[2m[WebServer] [22m[2m11:08:22[22m [36m[1m[vite][22m[39m [90m[2m(client)[22m[39m [32mhmr update [39m[2m/src/index.css[22m
[2m[WebServer] [22m[2m11:08:22[22m [36m[1m[vite][22m[39m [90m[2m(client)[22m[39m [32mhmr update [39m[2m/src/index.css[22m
Result: 49 cards, range 3/27/1746 to 5/5/1821

📍 Testing cursor at 90%-end (90%) - expect 1795-1802
[2m[WebServer] [22m[2m11:08:23[22m [36m[1m[vite][22m[39m [90m[2m(client)[22m[39m [32mhmr update [39m[2m/src/index.css[22m
[2m[WebServer] [22m[2m11:08:24[22m [36m[1m[vite][22m[39m [90m[2m(client)[22m[39m [32mhmr update [39m[2m/src/index.css[22m
Cursor positioned at: (1705.6000000000001, 400)
zoom-in-3x: 15 cards, 1 badges, 0 off-screen, 0 overlaps
[2m[WebServer] [22m[2m11:08:24[22m [36m[1m[vite][22m[39m [90m[2m(client)[22m[39m [32mhmr update [39m[2m/src/index.css[22m
Result: 49 cards, range 3/27/1746 to 5/5/1821
❌ CURSOR ANCHORING BUG: 90%-end should focus on 1795-1802, got 3/27/1746-5/5/1821

🔧 BUG CONFIRMED: Cursor anchoring on timeline axis is not working correctly
[2m[WebServer] [22m[2m11:08:25[22m [36m[1m[vite][22m[39m [90m[2m(client)[22m[39m [32mhmr update [39m[2m/src/index.css[22m
[2m[WebServer] [22m[2m11:08:25[22m [36m[1m[vite][22m[39m [90m[2m(client)[22m[39m [32mhmr update [39m[2m/src/index.css[22m
  ✓  42 tests\v5\20-timeline-cursor-zoom.spec.ts:19:3 › Timeline Cursor Zoom Tests › Cursor anchoring issue - Position vs Zoom behavior (16.1s)
[2m[WebServer] [22m[2m11:08:25[22m [36m[1m[vite][22m[39m [90m[2m(client)[22m[39m [32mhmr update [39m[2m/src/index.css[22m
[2m[WebServer] [22m[2m11:08:25[22m [36m[1m[vite][22m[39m [90m[2m(client)[22m[39m [32mhmr update [39m[2m/src/index.css[22m
[2m[WebServer] [22m[2m11:08:26[22m [36m[1m[vite][22m[39m [90m[2m(client)[22m[39m [32mhmr update [39m[2m/src/index.css[22m
[2m[WebServer] [22m[2m11:08:26[22m [36m[1m[vite][22m[39m [90m[2m(client)[22m[39m [32mhmr update [39m[2m/src/index.css[22m
[2m[WebServer] [22m[2m11:08:26[22m [36m[1m[vite][22m[39m [90m[2m(client)[22m[39m [32mhmr update [39m[2m/src/index.css[22m
[2m[WebServer] [22m[2m11:08:26[22m [36m[1m[vite][22m[39m [90m[2m(client)[22m[39m [32mhmr update [39m[2m/src/index.css[22m
zoom-out-1x: 17 cards, 1 badges, 0 off-screen, 0 overlaps
[2m[WebServer] [22m[2m11:08:27[22m [36m[1m[vite][22m[39m [90m[2m(client)[22m[39m [32mhmr update [39m[2m/src/index.css[22m
[2m[WebServer] [22m[2m11:08:27[22m [36m[1m[vite][22m[39m [90m[2m(client)[22m[39m [32mhmr update [39m[2m/src/index.css[22m
zoom-out-2x: 20 cards, 1 badges, 0 off-screen, 0 overlaps
Minimap content: 1746183263 eventsTimeline Overview
  ✓  43 tests\v5\21-timeline-minimap.spec.ts:19:3 › Timeline Minimap Tests › Minimap displays and shows timeline range (13.6s)
[2m[WebServer] [22m[2m11:08:32[22m [36m[1m[vite][22m[39m [90m[2m(client)[22m[39m [32mhmr update [39m[2m/src/index.css[22m
Narrow viewport (1000px): 20 cards, 0 navigation overlaps
  ✓  44 tests\v5\19-zoom-edge-cases.spec.ts:75:3 › Zoom Edge Cases Tests › Navigation rail overlap prevention - narrow viewport (13.4s)
[2m[WebServer] [22m[2m11:08:38[22m [36m[1m[vite][22m[39m [90m[2m(client)[22m[39m [32mhmr update [39m[2m/src/index.css[22m
Initial Napoleon timeline: 49 cards
Positioning cursor at timeline 1800 area: (1182.3999999999999, 400)
Zooming in on 1800 area...

=== Testing standard viewport (1400x800) ===
[2m[WebServer] [22m[2m11:08:40[22m [36m[1m[vite][22m[39m [90m[2m(client)[22m[39m [32mhmr update [39m[2m/src/index.css[22m
After zoom in on 1800: 50 cards
[2m[WebServer] [22m[2m11:08:41[22m [36m[1m[vite][22m[39m [90m[2m(client)[22m[39m [32mhmr update [39m[2m/src/index.css[22m
[2m[WebServer] [22m[2m11:08:41[22m [36m[1m[vite][22m[39m [90m[2m(client)[22m[39m [32mhmr update [39m[2m/src/index.css[22m
Found 1800-area events: false
[2m[WebServer] [22m[2m11:08:42[22m [36m[1m[vite][22m[39m [90m[2m(client)[22m[39m [32mhmr update [39m[2m/src/index.css[22m
standard: 38 → 32 cards
  ✘  45 tests\v5\20-timeline-cursor-zoom.spec.ts:123:3 › Timeline Cursor Zoom Tests › Timeline axis cursor positioning - Napoleon 1800 area (18.9s)
[2m[WebServer] [22m[2m11:08:49[22m [36m[1m[vite][22m[39m [90m[2m(client)[22m[39m [32mhmr update [39m[2m/src/index.css[22m
[2m[WebServer] [22m[2m11:08:50[22m [36m[1m[vite][22m[39m [90m[2m(client)[22m[39m [32mhmr update [39m[2m/src/index.css[22m
[2m[WebServer] [22m[2m11:08:50[22m [36m[1m[vite][22m[39m [90m[2m(client)[22m[39m [32mhmr update [39m[2m/src/index.css[22m
[2m[WebServer] [22m[2m11:08:50[22m [36m[1m[vite][22m[39m [90m[2m(client)[22m[39m [32mhmr update [39m[2m/src/index.css[22m
  ✘  40 tests\v5\18-zoom-stability.spec.ts:87:3 › Zoom Stability Tests › Visual integrity during zoom operations (38.8s)
standard: 0 navigation rail overlaps

=== Testing wide viewport (1800x1000) ===
[2m[WebServer] [22m[2m11:08:51[22m [36m[1m[vite][22m[39m [90m[2m(client)[22m[39m [32mhmr update [39m[2m/src/index.css[22m
[2m[WebServer] [22m[2m11:08:51[22m [36m[1m[vite][22m[39m [90m[2m(client)[22m[39m [32mhmr update [39m[2m/src/index.css[22m
wide: 52 → 50 cards
Found 1 overflow badges to test
Initial cards with overflow: 30
Targeting overflow badge at: (215.5, 430)
Zooming in on overflow area...
After zoom on overflow: 20 cards, 1 remaining badges
[2m[WebServer] [22m[2m11:09:01[22m [36m[1m[vite][22m[39m [90m[2m(client)[22m[39m [32mhmr update [39m[2m/src/index.css[22m
Testing extreme zoom in...
wide: 0 navigation rail overlaps
[2m[WebServer] [22m[2m11:09:02[22m [36m[1m[vite][22m[39m [90m[2m(client)[22m[39m [32mhmr update [39m[2m/src/index.css[22m
[2m[WebServer] [22m[2m11:09:02[22m [36m[1m[vite][22m[39m [90m[2m(client)[22m[39m [32mhmr update [39m[2m/src/index.css[22m
  ✓  48 tests\v5\20-timeline-cursor-zoom.spec.ts:178:3 › Timeline Cursor Zoom Tests › Timeline overflow area targeting (8.2s)
[2m[WebServer] [22m[2m11:09:02[22m [36m[1m[vite][22m[39m [90m[2m(client)[22m[39m [32mhmr update [39m[2m/src/index.css[22m
  ✓  47 tests\v5\19-zoom-edge-cases.spec.ts:108:3 › Zoom Edge Cases Tests › Zoom behavior with standard viewport sizes (24.9s)
[2m[WebServer] [22m[2m11:09:03[22m [36m[1m[vite][22m[39m [90m[2m(client)[22m[39m [32mhmr update [39m[2m/src/index.css[22m
  ✘  46 tests\v5\21-timeline-minimap.spec.ts:45:3 › Timeline Minimap Tests › Minimap view window indicator reflects zoom state (21.4s)
Extreme zoom in: 0 cards visible
Testing extreme zoom out...
[2m[WebServer] [22m[2m11:09:07[22m [36m[1m[vite][22m[39m [90m[2m(client)[22m[39m [32mhmr update [39m[2m/src/index.css[22m
Dense dataset loaded: 150 total events
Extreme zoom out: 10 cards visible
[2m[WebServer] [22m[2m11:09:11[22m [36m[1m[vite][22m[39m [90m[2m(client)[22m[39m [32mhmr update [39m[2m/src/index.css[22m
  ✘  49 tests\v5\18-zoom-stability.spec.ts:160:3 › Zoom Stability Tests › Zoom range limits and boundary behavior (16.8s)
[2m[WebServer] [22m[2m11:09:16[22m [36m[1m[vite][22m[39m [90m[2m(client)[22m[39m [32mhmr update [39m[2m/src/index.css[22m
Event markers found: 0
[2m[WebServer] [22m[2m11:09:16[22m [36m[1m[vite][22m[39m [90m[2m(client)[22m[39m [32mhmr update [39m[2m/src/index.css[22m
  ✘  50 tests\v5\22-minimap-basic.spec.ts:4:3 › Timeline Minimap Basic Tests › Page loads correctly without minimap when no events (15.2s)
[2m[WebServer] [22m[2m11:09:19[22m [36m[1m[vite][22m[39m [90m[2m(client)[22m[39m [32mhmr update [39m[2m/src/index.css[22m
  ✘  52 tests\v5\21-timeline-minimap.spec.ts:86:3 › Timeline Minimap Tests › Minimap event density markers show event distribution (6.1s)
[2m[WebServer] [22m[2m11:09:20[22m [36m[1m[vite][22m[39m [90m[2m(client)[22m[39m [32mhmr update [39m[2m/src/index.css[22m

=== Testing RFK 1968 ===
[2m[WebServer] [22m[2m11:09:27[22m [36m[1m[vite][22m[39m [90m[2m(client)[22m[39m [32mhmr update [39m[2m/src/index.css[22m
[2m[WebServer] [22m[2m11:09:27[22m [36m[1m[vite][22m[39m [90m[2m(client)[22m[39m [32mhmr update [39m[2m/src/index.css[22m
[2m[WebServer] [22m[2m11:09:27[22m [36m[1m[vite][22m[39m [90m[2m(client)[22m[39m [32mhmr update [39m[2m/src/index.css[22m
[2m[WebServer] [22m[2m11:09:28[22m [36m[1m[vite][22m[39m [90m[2m(client)[22m[39m [32mhmr update [39m[2m/src/index.css[22m
[2m[WebServer] [22m[2m11:09:28[22m [36m[1m[vite][22m[39m [90m[2m(client)[22m[39m [32mhmr update [39m[2m/src/index.css[22m
Event markers visible: 0
[2m[WebServer] [22m[2m11:09:29[22m [36m[1m[vite][22m[39m [90m[2m(client)[22m[39m [32mhmr update [39m[2m/src/index.css[22m
[2m[WebServer] [22m[2m11:09:30[22m [36m[1m[vite][22m[39m [90m[2m(client)[22m[39m [32mhmr update [39m[2m/src/index.css[22m
Initial timeline: 49 cards, 3/27/1746 to 5/5/1821
[2m[WebServer] [22m[2m11:09:32[22m [36m[1m[vite][22m[39m [90m[2m(client)[22m[39m [32mhmr update [39m[2m/src/index.css[22m
  ✘  54 tests\v5\22-minimap-basic.spec.ts:19:3 › Timeline Minimap Basic Tests › Minimap shows event density markers (7.3s)
  ✘  51 tests\v5\19-zoom-edge-cases.spec.ts:156:3 › Zoom Edge Cases Tests › Zoom performance with dense datasets (28.4s)
[2m[WebServer] [22m[2m11:09:33[22m [36m[1m[vite][22m[39m [90m[2m(client)[22m[39m [32mhmr update [39m[2m/src/index.css[22m
[2m[WebServer] [22m[2m11:09:33[22m [36m[1m[vite][22m[39m [90m[2m(client)[22m[39m [32mhmr update [39m[2m/src/index.css[22m
  ✘  53 tests\v5\18-zoom-stability.spec.ts:207:3 › Zoom Stability Tests › Multi-timeline zoom consistency (20.3s)
[2m[WebServer] [22m[2m11:09:41[22m [36m[1m[vite][22m[39m [90m[2m(client)[22m[39m [32mhmr update [39m[2m/src/index.css[22m
  ✘  55 tests\v5\21-timeline-minimap.spec.ts:109:3 › Timeline Minimap Tests › Minimap click navigation works (18.2s)
[2m[WebServer] [22m[2m11:09:45[22m [36m[1m[vite][22m[39m [90m[2m(client)[22m[39m [32mhmr update [39m[2m/src/index.css[22m
Initial: 2 badges, 0 overlaps
Zoomed in: 1 badges, 0 overlaps
[2m[WebServer] [22m[2m11:09:51[22m [36m[1m[vite][22m[39m [90m[2m(client)[22m[39m [32mhmr update [39m[2m/src/index.css[22m
Zoomed out: 2 badges, 0 overlaps
[2m[WebServer] [22m[2m11:09:53[22m [36m[1m[vite][22m[39m [90m[2m(client)[22m[39m [32mhmr update [39m[2m/src/index.css[22m
  ✓  58 tests\v5\18-zoom-stability.spec.ts:274:3 › Zoom Stability Tests › Zoom with overflow badges - No overlap regressions (7.7s)
[2m[WebServer] [22m[2m11:09:53[22m [36m[1m[vite][22m[39m [90m[2m(client)[22m[39m [32mhmr update [39m[2m/src/index.css[22m
  ✘  56 tests\v5\22-minimap-basic.spec.ts:41:3 › Timeline Minimap Basic Tests › Minimap view window indicator is visible (17.7s)
  ✘  57 tests\v5\23-zoom-stability.spec.ts:4:3 › Timeline Zoom Stability Tests › Cursor position remains stable during repeated zoom cycles (17.7s)
[2m[WebServer] [22m[2m11:09:56[22m [36m[1m[vite][22m[39m [90m[2m(client)[22m[39m [32mhmr update [39m[2m/src/index.css[22m
[2m[WebServer] [22m[2m11:09:56[22m [36m[1m[vite][22m[39m [90m[2m(client)[22m[39m [32mhmr update [39m[2m/src/index.css[22m
  ✘  59 tests\v5\24-zoom-boundaries.spec.ts:4:3 › Timeline Zoom Boundary Tests › Zoom does not stick to timeline start boundary (17.6s)
[2m[WebServer] [22m[2m11:10:07[22m [36m[1m[vite][22m[39m [90m[2m(client)[22m[39m [32mhmr update [39m[2m/src/index.css[22m
[2m[WebServer] [22m[2m11:10:07[22m [36m[1m[vite][22m[39m [90m[2m(client)[22m[39m [32mhmr update [39m[2m/src/index.css[22m
  ✘  60 tests\v5\25-max-zoom-sliding.spec.ts:4:3 › Maximum Zoom Sliding Tests › View window should not slide when at maximum zoom level (21.8s)
[2m[WebServer] [22m[2m11:10:16[22m [36m[1m[vite][22m[39m [90m[2m(client)[22m[39m [32mhmr update [39m[2m/src/index.css[22m
[2m[WebServer] [22m[2m11:10:16[22m [36m[1m[vite][22m[39m [90m[2m(client)[22m[39m [32mhmr update [39m[2m/src/index.css[22m
  ✘  62 tests\v5\23-zoom-stability.spec.ts:57:3 › Timeline Zoom Stability Tests › Zoom behavior at timeline boundaries (17.4s)
  ✘  61 tests\v5\26-minimap-drag.spec.ts:4:3 › Timeline Minimap Drag Tests › View window can be dragged to slide timeline position (17.5s)
[2m[WebServer] [22m[2m11:10:18[22m [36m[1m[vite][22m[39m [90m[2m(client)[22m[39m [32mhmr update [39m[2m/src/index.css[22m
[2m[WebServer] [22m[2m11:10:18[22m [36m[1m[vite][22m[39m [90m[2m(client)[22m[39m [32mhmr update [39m[2m/src/index.css[22m
  ✘  63 tests\v5\24-zoom-boundaries.spec.ts:44:3 › Timeline Zoom Boundary Tests › Zoom does not stick to timeline end boundary (17.1s)
[2m[WebServer] [22m[2m11:10:28[22m [36m[1m[vite][22m[39m [90m[2m(client)[22m[39m [32mhmr update [39m[2m/src/index.css[22m
[2m[WebServer] [22m[2m11:10:28[22m [36m[1m[vite][22m[39m [90m[2m(client)[22m[39m [32mhmr update [39m[2m/src/index.css[22m
  ✘  64 tests\v5\25-max-zoom-sliding.spec.ts:62:3 › Maximum Zoom Sliding Tests › Max zoom maintains cursor position under different cursor locations (15.4s)
[2m[WebServer] [22m[2m11:10:35[22m [36m[1m[vite][22m[39m [90m[2m(client)[22m[39m [32mhmr update [39m[2m/src/index.css[22m
[2m[WebServer] [22m[2m11:10:36[22m [36m[1m[vite][22m[39m [90m[2m(client)[22m[39m [32mhmr update [39m[2m/src/index.css[22m
  ✘  65 tests\v5\23-zoom-stability.spec.ts:115:3 › Timeline Zoom Stability Tests › Zoom reversibility test (16.0s)
[2m[WebServer] [22m[2m11:10:41[22m [36m[1m[vite][22m[39m [90m[2m(client)[22m[39m [32mhmr update [39m[2m/src/index.css[22m
[2m[WebServer] [22m[2m11:10:41[22m [36m[1m[vite][22m[39m [90m[2m(client)[22m[39m [32mhmr update [39m[2m/src/index.css[22m
[2m[WebServer] [22m[2m11:10:41[22m [36m[1m[vite][22m[39m [90m[2m(client)[22m[39m [32mhmr update [39m[2m/src/index.css[22m
  ✘  66 tests\v5\26-minimap-drag.spec.ts:61:3 › Timeline Minimap Drag Tests › View window drag respects timeline boundaries (18.0s)
[2m[WebServer] [22m[2m11:10:41[22m [36m[1m[vite][22m[39m [90m[2m(client)[22m[39m [32mhmr update [39m[2m/src/index.css[22m
  ✘  67 tests\v5\24-zoom-boundaries.spec.ts:84:3 › Timeline Zoom Boundary Tests › Extreme zoom levels maintain valid view window (19.1s)
[2m[WebServer] [22m[2m11:10:52[22m [36m[1m[vite][22m[39m [90m[2m(client)[22m[39m [32mhmr update [39m[2m/src/index.css[22m
[2m[WebServer] [22m[2m11:10:52[22m [36m[1m[vite][22m[39m [90m[2m(client)[22m[39m [32mhmr update [39m[2m/src/index.css[22m
[2m[WebServer] [22m[2m11:10:52[22m [36m[1m[vite][22m[39m [90m[2m(client)[22m[39m [32mhmr update [39m[2m/src/index.css[22m
[2m[WebServer] [22m[2m11:10:53[22m [36m[1m[vite][22m[39m [90m[2m(client)[22m[39m [32mhmr update [39m[2m/src/index.css[22m
Initial visible events: 4
[2m[WebServer] [22m[2m11:11:02[22m [36m[1m[vite][22m[39m [90m[2m(client)[22m[39m [32mhmr update [39m[2m/src/index.css[22m
  ✘  68 tests\v5\25-max-zoom-sliding.spec.ts:130:3 › Maximum Zoom Sliding Tests › Minimum zoom window width is enforced and stable (23.8s)
  ✘  70 tests\v5\26-minimap-drag.spec.ts:130:3 › Timeline Minimap Drag Tests › Drag provides visual feedback with cursor changes (17.2s)
[2m[WebServer] [22m[2m11:11:04[22m [36m[1m[vite][22m[39m [90m[2m(client)[22m[39m [32mhmr update [39m[2m/src/index.css[22m
[2m[WebServer] [22m[2m11:11:04[22m [36m[1m[vite][22m[39m [90m[2m(client)[22m[39m [32mhmr update [39m[2m/src/index.css[22m
  ✘  69 tests\v5\23-zoom-stability.spec.ts:176:3 › Timeline Zoom Stability Tests › Rapid zoom changes do not cause view window corruption (21.7s)
[2m[WebServer] [22m[2m11:11:10[22m [36m[1m[vite][22m[39m [90m[2m(client)[22m[39m [32mhmr update [39m[2m/src/index.css[22m
[2m[WebServer] [22m[2m11:11:11[22m [36m[1m[vite][22m[39m [90m[2m(client)[22m[39m [32mhmr update [39m[2m/src/index.css[22m
[2m[WebServer] [22m[2m11:11:11[22m [36m[1m[vite][22m[39m [90m[2m(client)[22m[39m [32mhmr update [39m[2m/src/index.css[22m
[2m[WebServer] [22m[2m11:11:11[22m [36m[1m[vite][22m[39m [90m[2m(client)[22m[39m [32mhmr update [39m[2m/src/index.css[22m
[2m[WebServer] [22m[2m11:11:11[22m [36m[1m[vite][22m[39m [90m[2m(client)[22m[39m [32mhmr update [39m[2m/src/index.css[22m
[2m[WebServer] [22m[2m11:11:12[22m [36m[1m[vite][22m[39m [90m[2m(client)[22m[39m [32mhmr update [39m[2m/src/index.css[22m
🔍 ZOOMING TO MAXIMUM LEVEL (Day-level granularity)...
  ✘  71 tests\v5\27-minimap-timeline-sync.spec.ts:4:3 › Minimap Timeline Synchronization Tests › Timeline events update when minimap view window is dragged (18.0s)
[2m[WebServer] [22m[2m11:11:17[22m [36m[1m[vite][22m[39m [90m[2m(client)[22m[39m [32mhmr update [39m[2m/src/index.css[22m
[2m[WebServer] [22m[2m11:11:17[22m [36m[1m[vite][22m[39m [90m[2m(client)[22m[39m [32mhmr update [39m[2m/src/index.css[22m
  ✘  72 tests\v5\28-napoleon-sliding-validation.spec.ts:4:3 › Napoleon Timeline Sliding Validation Tests › Step-by-step sliding from beginning to end detects layout issues (19.8s)
[2m[WebServer] [22m[2m11:11:28[22m [36m[1m[vite][22m[39m [90m[2m(client)[22m[39m [32mhmr update [39m[2m/src/index.css[22m
  ✘  74 tests\v5\23-zoom-stability.spec.ts:219:3 › Timeline Zoom Stability Tests › Zoom with cursor at different screen positions (16.2s)
[2m[WebServer] [22m[2m11:11:34[22m [36m[1m[vite][22m[39m [90m[2m(client)[22m[39m [32mhmr update [39m[2m/src/index.css[22m
  ✘  73 tests\v5\29-deep-zoom-comprehensive-sliding.spec.ts:6:3 › Deep Zoom Comprehensive Sliding Tests › Maximum zoom level sliding with no overlaps and consistent overflow indicators (25.6s)
[2m[WebServer] [22m[2m11:11:35[22m [36m[1m[vite][22m[39m [90m[2m(client)[22m[39m [32mhmr update [39m[2m/src/index.css[22m
[2m[WebServer] [22m[2m11:11:35[22m [36m[1m[vite][22m[39m [90m[2m(client)[22m[39m [32mhmr update [39m[2m/src/index.css[22m
[2m[WebServer] [22m[2m11:11:35[22m [36m[1m[vite][22m[39m [90m[2m(client)[22m[39m [32mhmr update [39m[2m/src/index.css[22m
  ✘  75 tests\v5\27-minimap-timeline-sync.spec.ts:72:3 › Minimap Timeline Synchronization Tests › Overflow indicators update when zooming via minimap click (18.2s)
[2m[WebServer] [22m[2m11:11:42[22m [36m[1m[vite][22m[39m [90m[2m(client)[22m[39m [32mhmr update [39m[2m/src/index.css[22m
[2m[WebServer] [22m[2m11:11:43[22m [36m[1m[vite][22m[39m [90m[2m(client)[22m[39m [32mhmr update [39m[2m/src/index.css[22m
🔍 SETTING UP OVERFLOW CONDITIONS...
[2m[WebServer] [22m[2m11:11:49[22m [36m[1m[vite][22m[39m [90m[2m(client)[22m[39m [32mhmr update [39m[2m/src/index.css[22m
🔍 TESTING OVERFLOW INDICATOR CONSISTENCY AT DEEP ZOOM
  ✘  76 tests\v5\28-napoleon-sliding-validation.spec.ts:166:3 › Napoleon Timeline Sliding Validation Tests › Detect anchor point positioning issues during sliding (18.3s)
[2m[WebServer] [22m[2m11:11:52[22m [36m[1m[vite][22m[39m [90m[2m(client)[22m[39m [32mhmr update [39m[2m/src/index.css[22m
[2m[WebServer] [22m[2m11:11:52[22m [36m[1m[vite][22m[39m [90m[2m(client)[22m[39m [32mhmr update [39m[2m/src/index.css[22m
Initial blue event indicators: 0
[2m[WebServer] [22m[2m11:11:57[22m [36m[1m[vite][22m[39m [90m[2m(client)[22m[39m [32mhmr update [39m[2m/src/index.css[22m
  ✘  77 tests\v5\30-leftover-overflow-detection.spec.ts:6:3 › Leftover Overflow Indicator Detection Tests › Detect leftover overflow indicators that persist in empty timeline regions (18.9s)
[2m[WebServer] [22m[2m11:11:59[22m [36m[1m[vite][22m[39m [90m[2m(client)[22m[39m [32mhmr update [39m[2m/src/index.css[22m
  ✘  78 tests\v5\29-deep-zoom-comprehensive-sliding.spec.ts:162:3 › Deep Zoom Comprehensive Sliding Tests › Deep zoom overflow indicator transitions are consistent and logical (22.0s)
[2m[WebServer] [22m[2m11:12:04[22m [36m[1m[vite][22m[39m [90m[2m(client)[22m[39m [32mhmr update [39m[2m/src/index.css[22m
[2m[WebServer] [22m[2m11:12:05[22m [36m[1m[vite][22m[39m [90m[2m(client)[22m[39m [32mhmr update [39m[2m/src/index.css[22m
[2m[WebServer] [22m[2m11:12:05[22m [36m[1m[vite][22m[39m [90m[2m(client)[22m[39m [32mhmr update [39m[2m/src/index.css[22m
  ✘  79 tests\v5\27-minimap-timeline-sync.spec.ts:116:3 › Minimap Timeline Synchronization Tests › Blue event indicators respond to minimap navigation (17.2s)
[2m[WebServer] [22m[2m11:12:06[22m [36m[1m[vite][22m[39m [90m[2m(client)[22m[39m [32mhmr update [39m[2m/src/index.css[22m
🔍 TESTING OVERFLOW CLEANUP ON ZOOM OUT

=== STEP 1: Zoom out to see full timeline ===
Zoomed out: 49 cards, 2 overflow badges

=== STEP 2: Zoom in to create overflow ===
[2m[WebServer] [22m[2m11:12:12[22m [36m[1m[vite][22m[39m [90m[2m(client)[22m[39m [32mhmr update [39m[2m/src/index.css[22m
Zoomed in: 3 cards, 0 overflow badges

=== STEP 3: Zoom back out - overflow should cleanup ===
🔍 TESTING DAY-LEVEL GRANULARITY (0.1% zoom)
[2m[WebServer] [22m[2m11:12:14[22m [36m[1m[vite][22m[39m [90m[2m(client)[22m[39m [32mhmr update [39m[2m/src/index.css[22m
  ✘  80 tests\v5\28-napoleon-sliding-validation.spec.ts:272:3 › Napoleon Timeline Sliding Validation Tests › Overflow indicators update correctly when sliding to different timeline regions (19.5s)
[2m[WebServer] [22m[2m11:12:16[22m [36m[1m[vite][22m[39m [90m[2m(client)[22m[39m [32mhmr update [39m[2m/src/index.css[22m
[2m[WebServer] [22m[2m11:12:17[22m [36m[1m[vite][22m[39m [90m[2m(client)[22m[39m [32mhmr update [39m[2m/src/index.css[22m
After cleanup: 49 cards, 2 overflow badges
[2m[WebServer] [22m[2m11:12:17[22m [36m[1m[vite][22m[39m [90m[2m(client)[22m[39m [32mhmr update [39m[2m/src/index.css[22m
[2m[WebServer] [22m[2m11:12:17[22m [36m[1m[vite][22m[39m [90m[2m(client)[22m[39m [32mhmr update [39m[2m/src/index.css[22m

📈 ZOOM CLEANUP ANALYSIS:
  📊 Zoomed out → Zoomed in → Zoomed out progression:
    Cards: 49 → 3 → 49
    Overflow: 2 → 0 → 2
  📊 Differences after zoom cycle: cards ±0, overflow ±0
✅ Zoom cleanup behavior validated
[2m[WebServer] [22m[2m11:12:18[22m [36m[1m[vite][22m[39m [90m[2m(client)[22m[39m [32mhmr update [39m[2m/src/index.css[22m
[2m[WebServer] [22m[2m11:12:18[22m [36m[1m[vite][22m[39m [90m[2m(client)[22m[39m [32mhmr update [39m[2m/src/index.css[22m
  ✓  81 tests\v5\30-leftover-overflow-detection.spec.ts:135:3 › Leftover Overflow Indicator Detection Tests › Overflow indicators should disappear when zooming out from dense regions (15.3s)
[2m[WebServer] [22m[2m11:12:18[22m [36m[1m[vite][22m[39m [90m[2m(client)[22m[39m [32mhmr update [39m[2m/src/index.css[22m
  ✘  83 tests\v5\31-aggressive-leftover-detection.spec.ts:6:3 › Aggressive Leftover Overflow Detection › Force leftover overflow by rapid navigation and zoom changes (16.2s)
[2m[WebServer] [22m[2m11:12:28[22m [36m[1m[vite][22m[39m [90m[2m(client)[22m[39m [32mhmr update [39m[2m/src/index.css[22m
[2m[WebServer] [22m[2m11:12:28[22m [36m[1m[vite][22m[39m [90m[2m(client)[22m[39m [32mhmr update [39m[2m/src/index.css[22m
[2m[WebServer] [22m[2m11:12:28[22m [36m[1m[vite][22m[39m [90m[2m(client)[22m[39m [32mhmr update [39m[2m/src/index.css[22m
🔍 TESTING FULLY ZOOMED SLIDING BEHAVIOR
[2m[WebServer] [22m[2m11:12:31[22m [36m[1m[vite][22m[39m [90m[2m(client)[22m[39m [32mhmr update [39m[2m/src/index.css[22m
[2m[WebServer] [22m[2m11:12:31[22m [36m[1m[vite][22m[39m [90m[2m(client)[22m[39m [32mhmr update [39m[2m/src/index.css[22m
[2m[WebServer] [22m[2m11:12:31[22m [36m[1m[vite][22m[39m [90m[2m(client)[22m[39m [32mhmr update [39m[2m/src/index.css[22m
[2m[WebServer] [22m[2m11:12:31[22m [36m[1m[vite][22m[39m [90m[2m(client)[22m[39m [32mhmr update [39m[2m/src/index.css[22m
[2m[WebServer] [22m[2m11:12:32[22m [36m[1m[vite][22m[39m [90m[2m(client)[22m[39m [32mhmr update [39m[2m/src/index.css[22m
  ✘  82 tests\v5\29-deep-zoom-comprehensive-sliding.spec.ts:303:3 › Deep Zoom Comprehensive Sliding Tests › Day-level zoom granularity provides meaningful content separation (24.9s)
[2m[WebServer] [22m[2m11:12:34[22m [36m[1m[vite][22m[39m [90m[2m(client)[22m[39m [32mhmr update [39m[2m/src/index.css[22m
🔍 TESTING VIEW WINDOW OVERFLOW SURVIVAL
[2m[WebServer] [22m[2m11:12:37[22m [36m[1m[vite][22m[39m [90m[2m(client)[22m[39m [32mhmr update [39m[2m/src/index.css[22m
  ✘  84 tests\v5\30-leftover-overflow-detection.spec.ts:219:3 › Leftover Overflow Indicator Detection Tests › Navigate to completely different timeline positions to force overflow recalculation (22.1s)
[2m[WebServer] [22m[2m11:12:42[22m [36m[1m[vite][22m[39m [90m[2m(client)[22m[39m [32mhmr update [39m[2m/src/index.css[22m
[2m[WebServer] [22m[2m11:12:43[22m [36m[1m[vite][22m[39m [90m[2m(client)[22m[39m [32mhmr update [39m[2m/src/index.css[22m
  ✘  85 tests\v5\28-napoleon-sliding-validation.spec.ts:369:3 › Napoleon Timeline Sliding Validation Tests › Fully zoomed-in sliding detects overflow indicator inconsistencies (20.8s)
[2m[WebServer] [22m[2m11:12:44[22m [36m[1m[vite][22m[39m [90m[2m(client)[22m[39m [32mhmr update [39m[2m/src/index.css[22m
[2m[WebServer] [22m[2m11:12:44[22m [36m[1m[vite][22m[39m [90m[2m(client)[22m[39m [32mhmr update [39m[2m/src/index.css[22m
🔍 TESTING VIEW WINDOW OVERFLOW BUG REPRODUCTION

=== STEP 1: Moderate zoom to trigger overflow system ===
[2m[WebServer] [22m[2m11:12:44[22m [36m[1m[vite][22m[39m [90m[2m(client)[22m[39m [32mhmr update [39m[2m/src/index.css[22m
[2m[WebServer] [22m[2m11:12:44[22m [36m[1m[vite][22m[39m [90m[2m(client)[22m[39m [32mhmr update [39m[2m/src/index.css[22m
🔍 TESTING DIRECTIONAL ANCHOR CONNECTORS
[2m[WebServer] [22m[2m11:12:52[22m [36m[1m[vite][22m[39m [90m[2m(client)[22m[39m [32mhmr update [39m[2m/src/index.css[22m

=== TIMELINE SCALE COMPREHENSIVE TEST ===

TEST 1: Data Generation
Data Generation Results: {
  containerExists: [33mfalse[39m,
  svgExists: [33mfalse[39m,
  textCount: [33m0[39m,
  viewport: { width: [33m1864[39m, height: [33m1080[39m },
  ticks: [
    {
      t: [33m-7258121608000[39m,
      label: [32m'1740'[39m,
      x: [33m51.23854879866204[39m,
      scale: [32m'year'[39m
    },
    {
      t: [33m-6942502408000[39m,
      label: [32m'1750'[39m,
      x: [33m239.29678274943595[39m,
      scale: [32m'year'[39m
    },
    {
      t: [33m-6626969608000[39m,
      label: [32m'1760'[39m,
      x: [33m427.3035362091201[39m,
      scale: [32m'year'[39m
    },
    {
      t: [33m-6311350408000[39m,
      label: [32m'1770'[39m,
      x: [33m615.361770159894[39m,
      scale: [32m'year'[39m
    },
    {
      t: [33m-5995817608000[39m,
      label: [32m'1780'[39m,
      x: [33m803.3685236195782[39m,
      scale: [32m'year'[39m
    },
    {
      t: [33m-5680198408000[39m,
      label: [32m'1790'[39m,
      x: [33m991.4267575703522[39m,
      scale: [32m'year'[39m
    },
    {
      t: [33m-5364665608000[39m,
      label: [32m'1800'[39m,
      x: [33m1179.4335110300365[39m,
      scale: [32m'year'[39m
    },
    {
      t: [33m-5049132808000[39m,
      label: [32m'1810'[39m,
      x: [33m1367.4402644897207[39m,
      scale: [32m'year'[39m
    },
    {
      t: [33m-4733600008000[39m,
      label: [32m'1820'[39m,
      x: [33m1555.4470179494049[39m,
      scale: [32m'year'[39m
    },
    {
      t: [33m-4417980808000[39m,
      label: [32m'1830'[39m,
      x: [33m1743.5052519001786[39m,
      scale: [32m'year'[39m
    },
    {
      t: [33m-4102448008000[39m,
      label: [32m'1840'[39m,
      x: [33m1931.5120053598625[39m,
      scale: [32m'year'[39m
    }
  ]
}
✅ DATA: Ticks generated successfully

TEST 2: DOM Element Existence
DOM Results: { containerExists: [33mfalse[39m, svgExists: [33mfalse[39m, textElementCount: [33m0[39m }
❌ DOM: Container missing - TIMELINE SCALES NOT WORKING
[2m[WebServer] [22m[2m11:12:53[22m [36m[1m[vite][22m[39m [90m[2m(client)[22m[39m [32mhmr update [39m[2m/src/index.css[22m
  ✘  86 tests\v5\31-aggressive-leftover-detection.spec.ts:170:3 › Aggressive Leftover Overflow Detection › Detect overflow indicators that survive view window changes (22.3s)
[2m[WebServer] [22m[2m11:12:55[22m [36m[1m[vite][22m[39m [90m[2m(client)[22m[39m [32mhmr update [39m[2m/src/index.css[22m
[2m[WebServer] [22m[2m11:12:55[22m [36m[1m[vite][22m[39m [90m[2m(client)[22m[39m [32mhmr update [39m[2m/src/index.css[22m
  ✘  89 tests\v5\33-timeline-separators.spec.ts:6:3 › v5/33 Timeline Scale Comprehensive Testing › Timeline scales - complete functionality verification (7.0s)
[2m[WebServer] [22m[2m11:12:56[22m [36m[1m[vite][22m[39m [90m[2m(client)[22m[39m [32mhmr update [39m[2m/src/index.css[22m
[2m[WebServer] [22m[2m11:12:56[22m [36m[1m[vite][22m[39m [90m[2m(client)[22m[39m [32mhmr update [39m[2m/src/index.css[22m
  ✘  87 tests\v5\32-view-window-overflow-bug.spec.ts:6:3 › View Window Overflow Bug Detection › Reproduce leftover overflow by resetting zoom constraints temporarily (18.7s)
[2m[WebServer] [22m[2m11:13:01[22m [36m[1m[vite][22m[39m [90m[2m(client)[22m[39m [32mhmr update [39m[2m/src/index.css[22m
[2m[WebServer] [22m[2m11:13:01[22m [36m[1m[vite][22m[39m [90m[2m(client)[22m[39m [32mhmr update [39m[2m/src/index.css[22m
[2m[WebServer] [22m[2m11:13:01[22m [36m[1m[vite][22m[39m [90m[2m(client)[22m[39m [32mhmr update [39m[2m/src/index.css[22m
🔍 TESTING ADAPTIVE TIMELINE SCALES WITH DAY-LEVEL GRANULARITY

=== TESTING: Full Timeline (Years/Decades) ===
[2m[WebServer] [22m[2m11:13:04[22m [36m[1m[vite][22m[39m [90m[2m(client)[22m[39m [32mhmr update [39m[2m/src/index.css[22m
[2m[WebServer] [22m[2m11:13:04[22m [36m[1m[vite][22m[39m [90m[2m(client)[22m[39m [32mhmr update [39m[2m/src/index.css[22m
📊 Labels at Full Timeline (Years/Decades): [
  [32m'1740'[39m, [32m'1750'[39m,
  [32m'1760'[39m, [32m'1770'[39m,
  [32m'1780'[39m, [32m'1790'[39m,
  [32m'1800'[39m, [32m'1810'[39m
]
[2m[WebServer] [22m[2m11:13:05[22m [36m[1m[vite][22m[39m [90m[2m(client)[22m[39m [32mhmr update [39m[2m/src/index.css[22m
[2m[WebServer] [22m[2m11:13:05[22m [36m[1m[vite][22m[39m [90m[2m(client)[22m[39m [32mhmr update [39m[2m/src/index.css[22m

=== TESTING: Medium Zoom (Years) ===
[2m[WebServer] [22m[2m11:13:06[22m [36m[1m[vite][22m[39m [90m[2m(client)[22m[39m [32mhmr update [39m[2m/src/index.css[22m
🔍 TESTING TIMELINE SCALE VISIBILITY ACROSS ZOOM LEVELS

=== TESTING: Full Timeline View (Decades/Years) ===
  ✘  88 tests\v5\33-directional-anchors.spec.ts:6:3 › Timeline Anchor Directional Connectors › Verify anchor connectors point toward events (above/below timeline) (20.1s)
[2m[WebServer] [22m[2m11:13:10[22m [36m[1m[vite][22m[39m [90m[2m(client)[22m[39m [32mhmr update [39m[2m/src/index.css[22m
[2m[WebServer] [22m[2m11:13:10[22m [36m[1m[vite][22m[39m [90m[2m(client)[22m[39m [32mhmr update [39m[2m/src/index.css[22m
[2m[WebServer] [22m[2m11:13:10[22m [36m[1m[vite][22m[39m [90m[2m(client)[22m[39m [32mhmr update [39m[2m/src/index.css[22m
📊 Labels at Medium Zoom (Years): [
  [32m'1774'[39m, [32m'1776'[39m,
  [32m'1778'[39m, [32m'1780'[39m,
  [32m'1782'[39m, [32m'1784'[39m,
  [32m'1786'[39m, [32m'1788'[39m
]
[2m[WebServer] [22m[2m11:13:10[22m [36m[1m[vite][22m[39m [90m[2m(client)[22m[39m [32mhmr update [39m[2m/src/index.css[22m
[2m[WebServer] [22m[2m11:13:10[22m [36m[1m[vite][22m[39m [90m[2m(client)[22m[39m [32mhmr update [39m[2m/src/index.css[22m
[2m[WebServer] [22m[2m11:13:10[22m [36m[1m[vite][22m[39m [90m[2m(client)[22m[39m [32mhmr update [39m[2m/src/index.css[22m

=== TESTING: Deep Zoom (Months) ===
[2m[WebServer] [22m[2m11:13:10[22m [36m[1m[vite][22m[39m [90m[2m(client)[22m[39m [32mhmr update [39m[2m/src/index.css[22m
🔍 TESTING VIEW WINDOW CHANGE OVERFLOW PERSISTENCE
📊 Timeline axis elements found: 1
📊 Timeline labels at Full Timeline View (Decades/Years): [
  [32m'1740'[39m, [32m'1750'[39m,
  [32m'1760'[39m, [32m'1770'[39m,
  [32m'1780'[39m, [32m'1790'[39m,
  [32m'1800'[39m, [32m'1810'[39m
]
📊 Label count: 11, Expected range: 3-15
📊 Expected format check (year/decade): ✅

=== TESTING: Medium Zoom (Years/Months) ===
📊 Labels at Deep Zoom (Months): [
  [32m'1784'[39m,   [32m'1785'[39m,
  [32m'1786'[39m,   [32m'Jul 86'[39m,
  [32m'1787'[39m,   [32m'1788'[39m,
  [32m'Jul 88'[39m, [32m'1789'[39m
]

=== TESTING: Maximum Zoom (Days) ===
[2m[WebServer] [22m[2m11:13:17[22m [36m[1m[vite][22m[39m [90m[2m(client)[22m[39m [32mhmr update [39m[2m/src/index.css[22m
🔍 TESTING CONNECTOR UPDATES ON VIEW CHANGES
📊 Timeline axis elements found: 1
📊 Timeline labels at Medium Zoom (Years/Months): [
  [32m'1774'[39m, [32m'1776'[39m,
  [32m'1778'[39m, [32m'1780'[39m,
  [32m'1782'[39m, [32m'1784'[39m,
  [32m'1786'[39m, [32m'1788'[39m
]
📊 Label count: 17, Expected range: 4-20
📊 Expected format check (year/month): ✅

=== TESTING: Deep Zoom (Years/Months) ===
📊 Labels at Maximum Zoom (Days): [
  [32m'Jul 88'[39m, [32m'Sep 88'[39m,
  [32m'Nov 88'[39m, [32m'Jan 89'[39m,
  [32m'Mar 89'[39m, [32m'May 89'[39m,
  [32m'Jul 89'[39m, [32m'Sep 89'[39m
]
Day-level format detected: true
[2m[WebServer] [22m[2m11:13:25[22m [36m[1m[vite][22m[39m [90m[2m(client)[22m[39m [32mhmr update [39m[2m/src/index.css[22m
  ✓  90 tests\v5\34-adaptive-timeline-scales.spec.ts:19:3 › v5/34 Adaptive Timeline Scales › timeline scales adapt from years to days across zoom levels (27.4s)
[2m[WebServer] [22m[2m11:13:27[22m [36m[1m[vite][22m[39m [90m[2m(client)[22m[39m [32mhmr update [39m[2m/src/index.css[22m
  ✘  92 tests\v5\32-view-window-overflow-bug.spec.ts:158:3 › View Window Overflow Bug Detection › Test overflow persistence when view window changes dramatically (23.0s)
[2m[WebServer] [22m[2m11:13:30[22m [36m[1m[vite][22m[39m [90m[2m(client)[22m[39m [32mhmr update [39m[2m/src/index.css[22m
🔍 TESTING TIMELINE SCALE SPACING AND READABILITY

--- Testing 0 zoom steps ---
[2m[WebServer] [22m[2m11:13:31[22m [36m[1m[vite][22m[39m [90m[2m(client)[22m[39m [32mhmr update [39m[2m/src/index.css[22m
📊 Found 11 labels: [ [32m'1740'[39m, [32m'1750'[39m, [32m'1760'[39m, [32m'1770'[39m, [32m'1780'[39m ]
📊 Average spacing: 188.0px

--- Testing 5 zoom steps ---
📊 Timeline axis elements found: 1
📊 Timeline labels at Deep Zoom (Years/Months): [
  [32m'1784'[39m,   [32m'1785'[39m,
  [32m'1786'[39m,   [32m'Jul 86'[39m,
  [32m'1787'[39m,   [32m'1788'[39m,
  [32m'Jul 88'[39m, [32m'1789'[39m
]
📊 Label count: 16, Expected range: 3-25
📊 Expected format check (year/month): ✅

=== TESTING: Maximum Zoom (Months/Days) ===
  ✘  93 tests\v5\33-directional-anchors.spec.ts:200:3 › Timeline Anchor Directional Connectors › Verify connectors update correctly when view changes (19.0s)
[2m[WebServer] [22m[2m11:13:37[22m [36m[1m[vite][22m[39m [90m[2m(client)[22m[39m [32mhmr update [39m[2m/src/index.css[22m
🔍 TESTING CARD DEGRADATION SYSTEM
[2m[WebServer] [22m[2m11:13:39[22m [36m[1m[vite][22m[39m [90m[2m(client)[22m[39m [32mhmr update [39m[2m/src/index.css[22m
[2m[WebServer] [22m[2m11:13:39[22m [36m[1m[vite][22m[39m [90m[2m(client)[22m[39m [32mhmr update [39m[2m/src/index.css[22m
📊 Telemetry structure: [
  [32m'version'[39m,      [32m'events'[39m,
  [32m'groups'[39m,       [32m'dispatch'[39m,
  [32m'capacity'[39m,     [32m'promotions'[39m,
  [32m'degradations'[39m, [32m'aggregation'[39m,
  [32m'cards'[39m,        [32m'placements'[39m,
  [32m'halfColumns'[39m,  [32m'placement'[39m,
  [32m'viewport'[39m,     [32m'adaptive'[39m,
  [32m'degradation'[39m
]
🔍 Degradation field value: {
  totalGroups: [33m10[39m,
  fullCardGroups: [33m4[39m,
  compactCardGroups: [33m0[39m,
  titleOnlyCardGroups: [33m6[39m,
  degradationRate: [33m0[39m,
  spaceReclaimed: [33m1440[39m,
  degradationTriggers: [
    {
      groupId: [32m'above-1'[39m,
      eventCount: [33m5[39m,
      from: [32m'compact'[39m,
      to: [32m'title-only'[39m,
      spaceSaved: [33m240[39m
    },
    {
      groupId: [32m'above-2'[39m,
      eventCount: [33m16[39m,
      from: [32m'compact'[39m,
      to: [32m'title-only'[39m,
      spaceSaved: [33m240[39m
    },
    {
      groupId: [32m'above-3'[39m,
      eventCount: [33m13[39m,
      from: [32m'compact'[39m,
      to: [32m'title-only'[39m,
      spaceSaved: [33m240[39m
    },
    {
      groupId: [32m'below-1'[39m,
      eventCount: [33m5[39m,
      from: [32m'compact'[39m,
      to: [32m'title-only'[39m,
      spaceSaved: [33m240[39m
    },
    {
      groupId: [32m'below-2'[39m,
      eventCount: [33m12[39m,
      from: [32m'compact'[39m,
      to: [32m'title-only'[39m,
      spaceSaved: [33m240[39m
    },
    {
      groupId: [32m'below-3'[39m,
      eventCount: [33m8[39m,
      from: [32m'compact'[39m,
      to: [32m'title-only'[39m,
      spaceSaved: [33m240[39m
    }
  ]
}
✅ Degradation Metrics: {
  totalGroups: [33m10[39m,
  fullCardGroups: [33m4[39m,
  compactCardGroups: [33m0[39m,
  degradationRate: [33m0[39m,
  spaceReclaimed: [33m1440[39m
}
📊 Found 17 labels: [ [32m'1774'[39m, [32m'1776'[39m, [32m'1778'[39m, [32m'1780'[39m, [32m'1782'[39m ]
[2m[WebServer] [22m[2m11:13:39[22m [36m[1m[vite][22m[39m [90m[2m(client)[22m[39m [32mhmr update [39m[2m/src/index.css[22m
📊 Average spacing: 114.8px

--- Testing 10 zoom steps ---
Card Heights Found: {
  total: [33m49[39m,
  fullCards: [33m0[39m,
  compactCards: [33m0[39m,
  uniqueHeights: [ [33m169[39m, [33m32[39m ]
}
[2m[WebServer] [22m[2m11:13:40[22m [36m[1m[vite][22m[39m [90m[2m(client)[22m[39m [32mhmr update [39m[2m/src/index.css[22m
  ✘  95 tests\v5\36-card-degradation-system.spec.ts:15:1 › Card degradation system - full to compact cards (8.4s)
[2m[WebServer] [22m[2m11:13:45[22m [36m[1m[vite][22m[39m [90m[2m(client)[22m[39m [32mhmr update [39m[2m/src/index.css[22m
🔍 TESTING LEFTOVER ANCHOR CONNECTOR FILTERING
📊 Found 16 labels: [ [32m'1784'[39m, [32m'1785'[39m, [32m'1786'[39m, [32m'Jul 86'[39m, [32m'1787'[39m ]
📊 Average spacing: 128.4px

--- Testing 15 zoom steps ---
📊 Timeline axis elements found: 1
📊 Timeline labels at Maximum Zoom (Months/Days): [
  [32m'Mar 15'[39m,   [32m'Mar 1789'[39m,
  [32m'Apr 1789'[39m, [32m'Apr 12'[39m,
  [32m'Apr 26'[39m,   [32m'May 1789'[39m,
  [32m'May 10'[39m,   [32m'May 24'[39m
]
📊 Label count: 16, Expected range: 2-30
📊 Expected format check (month/day/hour): ✅
✅ Timeline scale visibility test completed
[2m[WebServer] [22m[2m11:13:53[22m [36m[1m[vite][22m[39m [90m[2m(client)[22m[39m [32mhmr update [39m[2m/src/index.css[22m
  ✓  91 tests\v5\35-adaptive-scale-visibility.spec.ts:17:3 › v5/35 Adaptive Scale Visibility Tests › timeline scales are visible and adapt across zoom levels (53.5s)
[2m[WebServer] [22m[2m11:13:53[22m [36m[1m[vite][22m[39m [90m[2m(client)[22m[39m [32mhmr update [39m[2m/src/index.css[22m
📊 Found 14 labels: [ [32m'Oct 1787'[39m, [32m'Jan 1788'[39m, [32m'Apr 1788'[39m, [32m'Jul 1788'[39m, [32m'Oct 1788'[39m ]
📊 Average spacing: 133.7px

--- Testing 20 zoom steps ---
✅ Space efficiency validation passed
  ✓  97 tests\v5\36-card-degradation-system.spec.ts:134:1 › Card degradation system - space efficiency validation (8.1s)
[2m[WebServer] [22m[2m11:13:59[22m [36m[1m[vite][22m[39m [90m[2m(client)[22m[39m [32mhmr update [39m[2m/src/index.css[22m

🔍 TESTING DEGRADATION SYSTEM WITH NAPOLEON 1769-1821
⚠️ Dataset Napoleon 1769-1821 not found, using default data
🔍 TESTING TIMELINE SCALE READABILITY DURING NAVIGATION
📊 Napoleon 1769-1821 - Initial state: { totalEvents: [33m10[39m, totalGroups: [33m7[39m, degradation: [32m'Available'[39m }
🔎 Testing zoom levels for Napoleon 1769-1821...
  Zoom level 1/5
  ✘  96 tests\v5\33-directional-anchors.spec.ts:342:3 › Timeline Anchor Directional Connectors › Detect leftover anchor connectors that persist when navigating to empty regions (19.4s)
[2m[WebServer] [22m[2m11:14:03[22m [36m[1m[vite][22m[39m [90m[2m(client)[22m[39m [32mhmr update [39m[2m/src/index.css[22m
    Groups: 5, Full: 5, Compact: 0
    Degradation Rate: 0.0%, Space Saved: 0px
  Zoom level 2/5
[2m[WebServer] [22m[2m11:14:03[22m [36m[1m[vite][22m[39m [90m[2m(client)[22m[39m [32mhmr update [39m[2m/src/index.css[22m
📊 Found 14 labels: [ [32m'Nov 88'[39m, [32m'Dec 88'[39m, [32m'Jan 89'[39m, [32m'Feb 89'[39m, [32m'Mar 89'[39m ]
📊 Average spacing: 135.7px
[2m[WebServer] [22m[2m11:14:04[22m [36m[1m[vite][22m[39m [90m[2m(client)[22m[39m [32mhmr update [39m[2m/src/index.css[22m
    Groups: 4, Full: 4, Compact: 0
    Degradation Rate: 0.0%, Space Saved: 0px
  Zoom level 3/5
  ✓  94 tests\v5\34-adaptive-timeline-scales.spec.ts:97:3 › v5/34 Adaptive Timeline Scales › timeline scales maintain proper spacing and readability (38.4s)
[2m[WebServer] [22m[2m11:14:04[22m [36m[1m[vite][22m[39m [90m[2m(client)[22m[39m [32mhmr update [39m[2m/src/index.css[22m

--- Navigating to Early Period ---
    Groups: 2, Full: 2, Compact: 0
    Degradation Rate: 0.0%, Space Saved: 0px
  Zoom level 4/5
[2m[WebServer] [22m[2m11:14:05[22m [36m[1m[vite][22m[39m [90m[2m(client)[22m[39m [32mhmr update [39m[2m/src/index.css[22m
[2m[WebServer] [22m[2m11:14:05[22m [36m[1m[vite][22m[39m [90m[2m(client)[22m[39m [32mhmr update [39m[2m/src/index.css[22m
📊 Labels at Early Period: [ [32m'1755'[39m, [32m'1756'[39m, [32m'1757'[39m, [32m'1758'[39m, [32m'1759'[39m ]
📊 Label count: 17
📊 Relevant year (177) found: ✅
[2m[WebServer] [22m[2m11:14:06[22m [36m[1m[vite][22m[39m [90m[2m(client)[22m[39m [32mhmr update [39m[2m/src/index.css[22m

--- Navigating to Mid Period ---
[2m[WebServer] [22m[2m11:14:06[22m [36m[1m[vite][22m[39m [90m[2m(client)[22m[39m [32mhmr update [39m[2m/src/index.css[22m
[2m[WebServer] [22m[2m11:14:06[22m [36m[1m[vite][22m[39m [90m[2m(client)[22m[39m [32mhmr update [39m[2m/src/index.css[22m
    Groups: 2, Full: 2, Compact: 0
    Degradation Rate: 0.0%, Space Saved: 0px
  Zoom level 5/5
[2m[WebServer] [22m[2m11:14:06[22m [36m[1m[vite][22m[39m [90m[2m(client)[22m[39m [32mhmr update [39m[2m/src/index.css[22m
[2m[WebServer] [22m[2m11:14:06[22m [36m[1m[vite][22m[39m [90m[2m(client)[22m[39m [32mhmr update [39m[2m/src/index.css[22m
📊 Labels at Mid Period: [ [32m'1787'[39m, [32m'1788'[39m, [32m'1789'[39m, [32m'1790'[39m, [32m'1791'[39m ]
📊 Label count: 17
📊 Relevant year (179) found: ✅
[2m[WebServer] [22m[2m11:14:06[22m [36m[1m[vite][22m[39m [90m[2m(client)[22m[39m [32mhmr update [39m[2m/src/index.css[22m

--- Navigating to Late Period ---
[2m[WebServer] [22m[2m11:14:07[22m [36m[1m[vite][22m[39m [90m[2m(client)[22m[39m [32mhmr update [39m[2m/src/index.css[22m
    Groups: 2, Full: 2, Compact: 0
    Degradation Rate: 0.0%, Space Saved: 0px
[2m[WebServer] [22m[2m11:14:07[22m [36m[1m[vite][22m[39m [90m[2m(client)[22m[39m [32mhmr update [39m[2m/src/index.css[22m
[2m[WebServer] [22m[2m11:14:07[22m [36m[1m[vite][22m[39m [90m[2m(client)[22m[39m [32mhmr update [39m[2m/src/index.css[22m
📊 Labels at Late Period: [ [32m'1818'[39m, [32m'1819'[39m, [32m'1820'[39m, [32m'1821'[39m, [32m'1822'[39m ]
📊 Label count: 17
📊 Relevant year (181) found: ✅
✅ Timeline navigation readability test completed
[2m[WebServer] [22m[2m11:14:08[22m [36m[1m[vite][22m[39m [90m[2m(client)[22m[39m [32mhmr update [39m[2m/src/index.css[22m
✅ Napoleon 1769-1821 - Degradation system active
  Max degradation rate: 0.0%
  Total space reclaimed: 0px
✓ Napoleon 1769-1821 degradation test completed

[2m[WebServer] [22m[2m11:14:08[22m [36m[1m[vite][22m[39m [90m[2m(client)[22m[39m [32mhmr update [39m[2m/src/index.css[22m
  ✓  98 tests\v5\35-adaptive-scale-visibility.spec.ts:166:3 › v5/35 Adaptive Scale Visibility Tests › timeline scales remain readable during navigation (14.9s)
[2m[WebServer] [22m[2m11:14:08[22m [36m[1m[vite][22m[39m [90m[2m(client)[22m[39m [32mhmr update [39m[2m/src/index.css[22m
  ✓  99 tests\v5\37-degradation-system-validation.spec.ts:24:5 › Degradation System Validation › Card degradation system - Napoleon 1769-1821 (10.5s)
[2m[WebServer] [22m[2m11:14:08[22m [36m[1m[vite][22m[39m [90m[2m(client)[22m[39m [32mhmr update [39m[2m/src/index.css[22m
[2m[WebServer] [22m[2m11:14:09[22m [36m[1m[vite][22m[39m [90m[2m(client)[22m[39m [32mhmr update [39m[2m/src/index.css[22m
🔍 TESTING DAY-LEVEL TEMPORAL PROGRESSION

🔍 TESTING DEGRADATION SYSTEM WITH RFK 1968
⚠️ Dataset RFK 1968 not found, using default data
🔍 TESTING CONNECTOR CLEANUP DURING ZOOM TRANSITIONS

=== STEP 1: Start zoomed out ===
📊 RFK 1968 - Initial state: { totalEvents: [33m10[39m, totalGroups: [33m7[39m, degradation: [32m'Available'[39m }
🔎 Testing zoom levels for RFK 1968...
  Zoom level 1/5
Zoomed out: 49 cards, 46 anchors, 0 connectors

=== STEP 2: Zoom in to create anchors/connectors ===
    Groups: 5, Full: 5, Compact: 0
    Degradation Rate: 0.0%, Space Saved: 0px
  Zoom level 2/5
    Groups: 4, Full: 4, Compact: 0
    Degradation Rate: 0.0%, Space Saved: 0px
  Zoom level 3/5
    Groups: 2, Full: 2, Compact: 0
    Degradation Rate: 0.0%, Space Saved: 0px
  Zoom level 4/5
📊 Day-level labels: [
  [32m'Nov 88'[39m, [32m'Dec 88'[39m,
  [32m'Jan 89'[39m, [32m'Feb 89'[39m,
  [32m'Mar 89'[39m, [32m'Apr 89'[39m,
  [32m'May 89'[39m, [32m'Jun 89'[39m,
  [32m'Jul 89'[39m, [32m'Aug 89'[39m,
  [32m'Sep 89'[39m, [32m'Oct 89'[39m,
  [32m'Nov 89'[39m, [32m'Dec 89'[39m
]
🔍 TESTING TIMELINE AXIS POSITIONING AND STYLING
Day-level progression detected: true
📊 Timeline axis elements: 1
📊 Timeline axis dimensions: 1864x6 at (56, 537)
📊 SVG elements found: 5
📊 SVG content sample: <path d="M19 13h-6v6h-2v-6H5v-2h6V5h2v6h6z"></path>
📊 SVG contains axis elements: ❌
    Groups: 2, Full: 2, Compact: 0
    Degradation Rate: 0.0%, Space Saved: 0px
  Zoom level 5/5
[2m[WebServer] [22m[2m11:14:18[22m [36m[1m[vite][22m[39m [90m[2m(client)[22m[39m [32mhmr update [39m[2m/src/index.css[22m
✅ Timeline axis positioning test completed
  ✓  100 tests\v5\34-adaptive-timeline-scales.spec.ts:162:3 › v5/34 Adaptive Timeline Scales › day-level scale shows proper temporal progression (13.8s)
[2m[WebServer] [22m[2m11:14:18[22m [36m[1m[vite][22m[39m [90m[2m(client)[22m[39m [32mhmr update [39m[2m/src/index.css[22m
[2m[WebServer] [22m[2m11:14:18[22m [36m[1m[vite][22m[39m [90m[2m(client)[22m[39m [32mhmr update [39m[2m/src/index.css[22m
[2m[WebServer] [22m[2m11:14:18[22m [36m[1m[vite][22m[39m [90m[2m(client)[22m[39m [32mhmr update [39m[2m/src/index.css[22m
[2m[WebServer] [22m[2m11:14:18[22m [36m[1m[vite][22m[39m [90m[2m(client)[22m[39m [32mhmr update [39m[2m/src/index.css[22m
  ✓  102 tests\v5\35-adaptive-scale-visibility.spec.ts:242:3 › v5/35 Adaptive Scale Visibility Tests › timeline axis is properly positioned and styled (10.4s)
    Groups: 2, Full: 2, Compact: 0
    Degradation Rate: 0.0%, Space Saved: 0px
[2m[WebServer] [22m[2m11:14:19[22m [36m[1m[vite][22m[39m [90m[2m(client)[22m[39m [32mhmr update [39m[2m/src/index.css[22m
Zoomed in: 3 cards, 3 anchors, 0 connectors
[2m[WebServer] [22m[2m11:14:19[22m [36m[1m[vite][22m[39m [90m[2m(client)[22m[39m [32mhmr update [39m[2m/src/index.css[22m
[2m[WebServer] [22m[2m11:14:19[22m [36m[1m[vite][22m[39m [90m[2m(client)[22m[39m [32mhmr update [39m[2m/src/index.css[22m

=== STEP 3: Zoom back out - connectors should cleanup ===
✅ RFK 1968 - Degradation system active
  Max degradation rate: 0.0%
  Total space reclaimed: 0px
[2m[WebServer] [22m[2m11:14:19[22m [36m[1m[vite][22m[39m [90m[2m(client)[22m[39m [32mhmr update [39m[2m/src/index.css[22m
✓ RFK 1968 degradation test completed

[2m[WebServer] [22m[2m11:14:20[22m [36m[1m[vite][22m[39m [90m[2m(client)[22m[39m [32mhmr update [39m[2m/src/index.css[22m
  ✓  103 tests\v5\37-degradation-system-validation.spec.ts:24:5 › Degradation System Validation › Card degradation system - RFK 1968 (11.7s)
[2m[WebServer] [22m[2m11:14:20[22m [36m[1m[vite][22m[39m [90m[2m(client)[22m[39m [32mhmr update [39m[2m/src/index.css[22m
[2m[WebServer] [22m[2m11:14:20[22m [36m[1m[vite][22m[39m [90m[2m(client)[22m[39m [32mhmr update [39m[2m/src/index.css[22m
[2m[WebServer] [22m[2m11:14:20[22m [36m[1m[vite][22m[39m [90m[2m(client)[22m[39m [32mhmr update [39m[2m/src/index.css[22m
[2m[WebServer] [22m[2m11:14:20[22m [36m[1m[vite][22m[39m [90m[2m(client)[22m[39m [32mhmr update [39m[2m/src/index.css[22m
[2m[WebServer] [22m[2m11:14:21[22m [36m[1m[vite][22m[39m [90m[2m(client)[22m[39m [32mhmr update [39m[2m/src/index.css[22m
[2m[WebServer] [22m[2m11:14:21[22m [36m[1m[vite][22m[39m [90m[2m(client)[22m[39m [32mhmr update [39m[2m/src/index.css[22m
[2m[WebServer] [22m[2m11:14:21[22m [36m[1m[vite][22m[39m [90m[2m(client)[22m[39m [32mhmr update [39m[2m/src/index.css[22m

🔍 DEGRADATION SYSTEM TEST WITH REAL NAPOLEON DATA
❌ Developer Panel toggle not found
[2m[WebServer] [22m[2m11:14:22[22m [36m[1m[vite][22m[39m [90m[2m(client)[22m[39m [32mhmr update [39m[2m/src/index.css[22m
[2m[WebServer] [22m[2m11:14:22[22m [36m[1m[vite][22m[39m [90m[2m(client)[22m[39m [32mhmr update [39m[2m/src/index.css[22m
[2m[WebServer] [22m[2m11:14:23[22m [36m[1m[vite][22m[39m [90m[2m(client)[22m[39m [32mhmr update [39m[2m/src/index.css[22m
After cleanup: 49 cards, 46 anchors, 0 connectors

🔍 TESTING DEGRADATION SYSTEM WITH WWII 1939-1945
⚠️ Dataset WWII 1939-1945 not found, using default data

📈 CONNECTOR CLEANUP ANALYSIS:
  📊 Zoomed out → Zoomed in → Zoomed out progression:
    Cards: 49 → 3 → 49
    Anchors: 46 → 3 → 46
    Connectors: 0 → 0 → 0
  📊 Differences after zoom cycle: anchors ±0, connectors ±0
✅ Connector cleanup behavior validated
🔍 TESTING TIMELINE SCALE EDGE CASES
  ✘  105 tests\v5\38-degradation-with-real-data.spec.ts:14:1 › Degradation system with Napoleon dataset - Real data validation (4.7s)
[2m[WebServer] [22m[2m11:14:26[22m [36m[1m[vite][22m[39m [90m[2m(client)[22m[39m [32mhmr update [39m[2m/src/index.css[22m
  ✓  101 tests\v5\33-directional-anchors.spec.ts:459:3 › Timeline Anchor Directional Connectors › Verify connectors cleanup correctly during zoom transitions (18.5s)
[2m[WebServer] [22m[2m11:14:26[22m [36m[1m[vite][22m[39m [90m[2m(client)[22m[39m [32mhmr update [39m[2m/src/index.css[22m
[2m[WebServer] [22m[2m11:14:26[22m [36m[1m[vite][22m[39m [90m[2m(client)[22m[39m [32mhmr update [39m[2m/src/index.css[22m
📊 Extreme zoom out labels: [
  [32m'1740'[39m, [32m'1750'[39m,
  [32m'1760'[39m, [32m'1770'[39m,
  [32m'1780'[39m, [32m'1790'[39m,
  [32m'1800'[39m, [32m'1810'[39m,
  [32m'1820'[39m, [32m'1830'[39m,
  [32m'1840'[39m
]
📊 WWII 1939-1945 - Initial state: { totalEvents: [33m10[39m, totalGroups: [33m7[39m, degradation: [32m'Available'[39m }
🔎 Testing zoom levels for WWII 1939-1945...
[2m[WebServer] [22m[2m11:14:27[22m [36m[1m[vite][22m[39m [90m[2m(client)[22m[39m [32mhmr update [39m[2m/src/index.css[22m
  Zoom level 1/5
[2m[WebServer] [22m[2m11:14:28[22m [36m[1m[vite][22m[39m [90m[2m(client)[22m[39m [32mhmr update [39m[2m/src/index.css[22m
    Groups: 5, Full: 5, Compact: 0
    Degradation Rate: 0.0%, Space Saved: 0px
  Zoom level 2/5
[2m[WebServer] [22m[2m11:14:29[22m [36m[1m[vite][22m[39m [90m[2m(client)[22m[39m [32mhmr update [39m[2m/src/index.css[22m
    Groups: 4, Full: 4, Compact: 0
    Degradation Rate: 0.0%, Space Saved: 0px
  Zoom level 3/5
[2m[WebServer] [22m[2m11:14:30[22m [36m[1m[vite][22m[39m [90m[2m(client)[22m[39m [32mhmr update [39m[2m/src/index.css[22m
[2m[WebServer] [22m[2m11:14:30[22m [36m[1m[vite][22m[39m [90m[2m(client)[22m[39m [32mhmr update [39m[2m/src/index.css[22m
[2m[WebServer] [22m[2m11:14:30[22m [36m[1m[vite][22m[39m [90m[2m(client)[22m[39m [32mhmr update [39m[2m/src/index.css[22m
[2m[WebServer] [22m[2m11:14:30[22m [36m[1m[vite][22m[39m [90m[2m(client)[22m[39m [32mhmr update [39m[2m/src/index.css[22m
    Groups: 2, Full: 2, Compact: 0
    Degradation Rate: 0.0%, Space Saved: 0px
  Zoom level 4/5
[2m[WebServer] [22m[2m11:14:32[22m [36m[1m[vite][22m[39m [90m[2m(client)[22m[39m [32mhmr update [39m[2m/src/index.css[22m
    Groups: 2, Full: 2, Compact: 0
    Degradation Rate: 0.0%, Space Saved: 0px
  Zoom level 5/5
[2m[WebServer] [22m[2m11:14:33[22m [36m[1m[vite][22m[39m [90m[2m(client)[22m[39m [32mhmr update [39m[2m/src/index.css[22m
[2m[WebServer] [22m[2m11:14:33[22m [36m[1m[vite][22m[39m [90m[2m(client)[22m[39m [32mhmr update [39m[2m/src/index.css[22m
    Groups: 2, Full: 2, Compact: 0
    Degradation Rate: 0.0%, Space Saved: 0px
[2m[WebServer] [22m[2m11:14:33[22m [36m[1m[vite][22m[39m [90m[2m(client)[22m[39m [32mhmr update [39m[2m/src/index.css[22m
[2m[WebServer] [22m[2m11:14:33[22m [36m[1m[vite][22m[39m [90m[2m(client)[22m[39m [32mhmr update [39m[2m/src/index.css[22m
[2m[WebServer] [22m[2m11:14:33[22m [36m[1m[vite][22m[39m [90m[2m(client)[22m[39m [32mhmr update [39m[2m/src/index.css[22m
✅ WWII 1939-1945 - Degradation system active
  Max degradation rate: 0.0%
  Total space reclaimed: 0px
✓ WWII 1939-1945 degradation test completed

[2m[WebServer] [22m[2m11:14:34[22m [36m[1m[vite][22m[39m [90m[2m(client)[22m[39m [32mhmr update [39m[2m/src/index.css[22m
  ✓  106 tests\v5\37-degradation-system-validation.spec.ts:24:5 › Degradation System Validation › Card degradation system - WWII 1939-1945 (14.6s)
[2m[WebServer] [22m[2m11:14:35[22m [36m[1m[vite][22m[39m [90m[2m(client)[22m[39m [32mhmr update [39m[2m/src/index.css[22m
🔍 TESTING REALISTIC LEFTOVER CONNECTOR DETECTION
Flow: zoom in → zoom out → zoom in elsewhere → check for leftovers
[2m[WebServer] [22m[2m11:14:35[22m [36m[1m[vite][22m[39m [90m[2m(client)[22m[39m [32mhmr update [39m[2m/src/index.css[22m
📊 Extreme zoom in labels: [
  [32m'Mar 15'[39m,   [32m'Mar 1789'[39m,
  [32m'Apr 1789'[39m, [32m'Apr 12'[39m,
  [32m'Apr 26'[39m,   [32m'May 1789'[39m,
  [32m'May 10'[39m,   [32m'May 24'[39m,
  [32m'Jun 1789'[39m, [32m'Jun 7'[39m,
  [32m'Jun 21'[39m,   [32m'Jul 1789'[39m,
  [32m'Jul 5'[39m,    [32m'Jul 19'[39m,
  [32m'Aug 1789'[39m, [32m'Aug 2'[39m
]
Detail labels at extreme zoom: true
[2m[WebServer] [22m[2m11:14:36[22m [36m[1m[vite][22m[39m [90m[2m(client)[22m[39m [32mhmr update [39m[2m/src/index.css[22m
[2m[WebServer] [22m[2m11:14:37[22m [36m[1m[vite][22m[39m [90m[2m(client)[22m[39m [32mhmr update [39m[2m/src/index.css[22m
[2m[WebServer] [22m[2m11:14:37[22m [36m[1m[vite][22m[39m [90m[2m(client)[22m[39m [32mhmr update [39m[2m/src/index.css[22m
  ✓  104 tests\v5\34-adaptive-timeline-scales.spec.ts:203:3 › v5/34 Adaptive Timeline Scales › timeline scales handle edge cases gracefully (18.8s)

⚡ DEGRADATION EFFICIENCY VALIDATION
✅ Efficiency validation completed
[2m[WebServer] [22m[2m11:14:37[22m [36m[1m[vite][22m[39m [90m[2m(client)[22m[39m [32mhmr update [39m[2m/src/index.css[22m
  ✓  108 tests\v5\38-degradation-with-real-data.spec.ts:178:1 › Degradation system efficiency validation (6.0s)
[2m[WebServer] [22m[2m11:14:38[22m [36m[1m[vite][22m[39m [90m[2m(client)[22m[39m [32mhmr update [39m[2m/src/index.css[22m
[2m[WebServer] [22m[2m11:14:38[22m [36m[1m[vite][22m[39m [90m[2m(client)[22m[39m [32mhmr update [39m[2m/src/index.css[22m
[2m[WebServer] [22m[2m11:14:39[22m [36m[1m[vite][22m[39m [90m[2m(client)[22m[39m [32mhmr update [39m[2m/src/index.css[22m
[2m[WebServer] [22m[2m11:14:39[22m [36m[1m[vite][22m[39m [90m[2m(client)[22m[39m [32mhmr update [39m[2m/src/index.css[22m
[2m[WebServer] [22m[2m11:14:39[22m [36m[1m[vite][22m[39m [90m[2m(client)[22m[39m [32mhmr update [39m[2m/src/index.css[22m
[2m[WebServer] [22m[2m11:14:39[22m [36m[1m[vite][22m[39m [90m[2m(client)[22m[39m [32mhmr update [39m[2m/src/index.css[22m

🔥 DEGRADATION STRESS TEST - Dense Timeline Regions
[2m[WebServer] [22m[2m11:14:40[22m [36m[1m[vite][22m[39m [90m[2m(client)[22m[39m [32mhmr update [39m[2m/src/index.css[22m

🔍 BASIC DEGRADATION SYSTEM TEST

🎨 CARD COLOR SYSTEM VALIDATION
📊 Initial state: {
  events: [33m10[39m,
  groups: [33m7[39m,
  hasDegradation: [33mtrue[39m,
  degradationValue: {
    totalGroups: [33m7[39m,
    fullCardGroups: [33m6[39m,
    compactCardGroups: [33m1[39m,
    titleOnlyCardGroups: [33m0[39m,
    degradationRate: [33m0.14285714285714285[39m,
    spaceReclaimed: [33m231[39m,
    degradationTriggers: [ [36m[Object][39m ]
  }
}
🔎 Testing zoom-induced degradation...
  Zoom step 1/8
🎯 Found 10 cards to analyze
  Card 1: Type="full", Colors="none"
  Card 2: Type="full", Colors="none"
  Card 3: Type="full", Colors="none"
  Card 4: Type="full", Colors="none"
  Card 5: Type="full", Colors="none"
  Card 6: Type="full", Colors="none"
  Card 7: Type="full", Colors="none"
  Card 8: Type="compact", Colors="none"
  Card 9: Type="compact", Colors="none"
  Card 10: Type="compact", Colors="none"
🎨 Color analysis results: {
  full: [33m7[39m,
  compact: [33m3[39m,
  [32m'title-only'[39m: [33m0[39m,
  [32m'multi-event'[39m: [33m0[39m,
  infinite: [33m0[39m,
  other: [33m0[39m
}
✅ All card colors match their types
🔍 Testing color system with zoom-induced degradation...
    Groups: 5, Events: 10
    Degradation metrics: Full: 5, Compact: 0
  Zoom step 2/8
🔥 Stress Test Results: {
  totalGroups: [33m1[39m,
  fullCardGroups: [33m1[39m,
  compactCardGroups: [33m0[39m,
  degradationRate: [32m'0.0%'[39m,
  spaceReclaimed: [32m'0px'[39m,
  triggers: [33m0[39m
}
✅ Stress test validations passed
    Groups: 4, Events: 10
    Degradation metrics: Full: 4, Compact: 0
  Zoom step 3/8
[2m[WebServer] [22m[2m11:14:45[22m [36m[1m[vite][22m[39m [90m[2m(client)[22m[39m [32mhmr update [39m[2m/src/index.css[22m
    Groups: 2, Events: 10
    Degradation metrics: Full: 2, Compact: 0
  Zoom step 4/8
✓ Degradation stress test completed
  ✓  109 tests\v5\37-degradation-system-validation.spec.ts:142:3 › Degradation System Validation › Degradation system stress test - Dense regions (11.4s)
    Groups: 2, Events: 10
    Degradation metrics: Full: 2, Compact: 0
  Zoom step 5/8
    Groups: 2, Events: 10
    Degradation metrics: Full: 2, Compact: 0
  Zoom step 6/8
✅ Card color system validation completed
    Groups: 2, Events: 10
    Degradation metrics: Full: 2, Compact: 0
  Zoom step 7/8
  ✓  111 tests\v5\40-card-color-system.spec.ts:16:1 › Card color system - Visual validation (9.6s)

📊 TELEMETRY ACCURACY TEST
  ✘  107 tests\v5\33-directional-anchors.spec.ts:546:3 › Timeline Anchor Directional Connectors › Detect leftover connectors through realistic zoom/navigate cycles (20.8s)
    Groups: 1, Events: 10
    Degradation metrics: Full: 1, Compact: 0
  Zoom step 8/8
[2m[WebServer] [22m[2m11:14:48[22m [36m[1m[vite][22m[39m [90m[2m(client)[22m[39m [32mhmr update [39m[2m/src/index.css[22m
[2m[WebServer] [22m[2m11:14:49[22m [36m[1m[vite][22m[39m [90m[2m(client)[22m[39m [32mhmr update [39m[2m/src/index.css[22m
    Groups: 1, Events: 10
    Degradation metrics: Full: 1, Compact: 0
ℹ️ Degradation not triggered - timeline density may be insufficient
[2m[WebServer] [22m[2m11:14:49[22m [36m[1m[vite][22m[39m [90m[2m(client)[22m[39m [32mhmr update [39m[2m/src/index.css[22m
[2m[WebServer] [22m[2m11:14:49[22m [36m[1m[vite][22m[39m [90m[2m(client)[22m[39m [32mhmr update [39m[2m/src/index.css[22m

♿ CARD COLOR ACCESSIBILITY TEST
✅ Basic degradation system test completed
📊 Available telemetry keys: [
  [32m'version'[39m,      [32m'events'[39m,
  [32m'groups'[39m,       [32m'dispatch'[39m,
  [32m'capacity'[39m,     [32m'promotions'[39m,
  [32m'degradations'[39m, [32m'aggregation'[39m,
  [32m'cards'[39m,        [32m'placements'[39m,
  [32m'halfColumns'[39m,  [32m'placement'[39m,
  [32m'viewport'[39m,     [32m'adaptive'[39m,
  [32m'degradation'[39m
]
📊 Telemetry structure validation: {
  version: [32m'v5'[39m,
  events: [33m10[39m,
  groups: [33m7[39m,
  hasDegradation: [33mtrue[39m,
  degradationValue: {
    totalGroups: [33m7[39m,
    fullCardGroups: [33m6[39m,
    compactCardGroups: [33m1[39m,
    titleOnlyCardGroups: [33m0[39m,
    degradationRate: [33m0.14285714285714285[39m,
    spaceReclaimed: [33m231[39m,
    degradationTriggers: [ [36m[Object][39m ]
  }
}
✅ Telemetry structure is correct
♿ Color accessibility results:
  full: border-l-blue-500 → oklch(0.623 0.214 259.815) (Valid)
  compact: border-l-green-500 → oklch(0.723 0.219 149.579) (Valid)
  title-only: border-l-yellow-500 → oklch(0.795 0.184 86.047) (Valid)
  multi-event: border-l-purple-500 → oklch(0.627 0.265 303.9) (Valid)
  infinite: border-l-red-500 → oklch(0.637 0.237 25.331) (Valid)
✅ All card colors are properly rendered and accessible
  ✓  110 tests\v5\39-simple-degradation-test.spec.ts:10:1 › Degradation system basic functionality (13.4s)
[2m[WebServer] [22m[2m11:14:50[22m [36m[1m[vite][22m[39m [90m[2m(client)[22m[39m [32mhmr update [39m[2m/src/index.css[22m
[2m[WebServer] [22m[2m11:14:51[22m [36m[1m[vite][22m[39m [90m[2m(client)[22m[39m [32mhmr update [39m[2m/src/index.css[22m
  ✓  112 tests\v5\37-degradation-system-validation.spec.ts:219:3 › Degradation System Validation › Degradation system telemetry accuracy (4.6s)
[2m[WebServer] [22m[2m11:14:51[22m [36m[1m[vite][22m[39m [90m[2m(client)[22m[39m [32mhmr update [39m[2m/src/index.css[22m
  ✓  113 tests\v5\40-card-color-system.spec.ts:129:1 › Card color accessibility and consistency (3.0s)
[2m[WebServer] [22m[2m11:14:51[22m [36m[1m[vite][22m[39m [90m[2m(client)[22m[39m [32mhmr update [39m[2m/src/index.css[22m

📊 DEGRADATION TELEMETRY CONSISTENCY CHECK

📋 CARD COLOR DOCUMENTATION VALIDATION
📋 Documented color system:
  🎨 FULL: blue-500 - Full detail cards (260×140px)
  🎨 COMPACT: green-500 - Space-optimized cards (176×64px)
  🎨 TITLE-ONLY: yellow-500 - Minimal cards (140×32px)
  🎨 MULTI-EVENT: purple-500 - Aggregated cards (180×80px)
  🎨 INFINITE: red-500 - Ultra-compact cards (160×40px)
  ✅ full card has correct color: border-l-blue-500
  ✅ full card has correct color: border-l-blue-500
  ✅ full card has correct color: border-l-blue-500
✅ Implementation matches documented color system
  ✓  116 tests\v5\40-card-color-system.spec.ts:178:1 › Card color documentation validation (4.4s)

🎨 CARD COLOR SYSTEM VISUAL DEMO
=====================================

🔵 BLUE Cards (Full):
   • Type: full
   • Size: 260×140px
   • Usage: 1-2 events per half-column
   • Description: Maximum detail and information

🟢 GREEN Cards (Compact):
   • Type: compact
   • Size: 176×64px
   • Usage: 3+ events per half-column
   • Description: Space-optimized with essential info
   • Space Saved: 76px per card vs full cards

🟡 YELLOW Cards (Title-only):
   • Type: title-only
   • Size: 140×32px
   • Usage: High-density regions (future)
   • Description: Minimal cards with titles only
   • Space Saved: 108px per card vs full cards

🟣 PURPLE Cards (Multi-event):
   • Type: multi-event
   • Size: 180×80px
   • Usage: Aggregated events (future)
   • Description: Multiple events in single card
   • Max Events: 5 events per card

🔴 RED Cards (Infinite):
   • Type: infinite
   • Size: 160×40px
   • Usage: Extreme density scenarios (future)
   • Description: Ultra-compact with overflow indicators
   • Features: "+N more" indicators

DEGRADATION SEQUENCE:
🔵 Full → 🟢 Compact → 🟡 Title-only → 🟣 Multi-event → 🔴 Infinite

✨ Current Status:
   • Blue & Green: ✅ Fully implemented
   • Yellow, Purple, Red: 🎨 Colors ready, logic pending

📸 Screenshot saved: test-results/card-color-system-demo.png

🎯 TESTING RECOMMENDATIONS:
   1. Load a dataset with many events
   2. Zoom in progressively to trigger degradation
   3. Observe blue cards changing to green cards
   4. Notice the left border color changing
   5. Cards maintain visual hierarchy through colors

✅ Card color system demo completed
📊 Snapshot 1: {
  version: [32m'v5'[39m,
  hasEvents: [33mtrue[39m,
  hasGroups: [33mtrue[39m,
  hasDegradation: [33mtrue[39m,
  degradationDefined: [33mtrue[39m
}
📊 Snapshot 2: {
  version: [32m'v5'[39m,
  hasEvents: [33mtrue[39m,
  hasGroups: [33mtrue[39m,
  hasDegradation: [33mtrue[39m,
  degradationDefined: [33mtrue[39m
}
[2m[WebServer] [22m[2m11:14:57[22m [36m[1m[vite][22m[39m [90m[2m(client)[22m[39m [32mhmr update [39m[2m/src/index.css[22m
  ✓  117 tests\v5\41-visual-color-demo.spec.ts:9:1 › Card color system visual demo (3.4s)
📊 Snapshot 3: {
  version: [32m'v5'[39m,
  hasEvents: [33mtrue[39m,
  hasGroups: [33mtrue[39m,
  hasDegradation: [33mtrue[39m,
  degradationDefined: [33mtrue[39m
}
✅ Telemetry consistency validated across multiple snapshots
[2m[WebServer] [22m[2m11:14:57[22m [36m[1m[vite][22m[39m [90m[2m(client)[22m[39m [32mhmr update [39m[2m/src/index.css[22m
  ✓  114 tests\v5\39-simple-degradation-test.spec.ts:159:1 › Degradation telemetry consistency check (6.5s)

📊 CARD COLOR DEGRADATION PROGRESSION TEST
📊 Degradation color sequence:
  🔵 Standard: full (border-l-blue-500)
  → 🟢 Compact: compact (border-l-green-500)
  → 🟡 Title-only: title-only (border-l-yellow-500)
  → 🟣 Multi-event: multi-event (border-l-purple-500)
  → 🔴 Infinite: infinite (border-l-red-500)
✅ All degradation levels have unique colors
✅ Color progression follows logical hierarchy
[2m[WebServer] [22m[2m11:14:58[22m [36m[1m[vite][22m[39m [90m[2m(client)[22m[39m [32mhmr update [39m[2m/src/index.css[22m
  ✓  118 tests\v5\40-card-color-system.spec.ts:217:1 › Card color degradation progression (2.6s)
[2m[WebServer] [22m[2m11:14:58[22m [36m[1m[vite][22m[39m [90m[2m(client)[22m[39m [32mhmr update [39m[2m/src/index.css[22m

🧮 DEGRADATION MATHEMATICAL ACCURACY TEST
telemetry.degradation {
  totalGroups: [33m7[39m,
  fullCardGroups: [33m6[39m,
  compactCardGroups: [33m1[39m,
  titleOnlyCardGroups: [33m0[39m,
  degradationRate: [33m0.14285714285714285[39m,
  spaceReclaimed: [33m231[39m,
  degradationTriggers: [
    {
      groupId: [32m'below-2'[39m,
      eventCount: [33m3[39m,
      from: [32m'full'[39m,
      to: [32m'compact'[39m,
      spaceSaved: [33m231[39m
    }
  ]
}
[2m[WebServer] [22m[2m11:15:02[22m [36m[1m[vite][22m[39m [90m[2m(client)[22m[39m [32mhmr update [39m[2m/src/index.css[22m
🧮 Mathematical validation: {
  totalGroups: [33m2[39m,
  fullGroups: [33m2[39m,
  compactGroups: [33m0[39m,
  calculatedRate: [33m0[39m,
  reportedRate: [33m0[39m
}
✅ Mathematical accuracy validated
✅ Mathematical accuracy test completed
  ✓  120 tests\v5\39-simple-degradation-test.spec.ts:202:1 › Degradation system mathematical accuracy (7.1s)
  ✓  121 tests\v5\50-panels-visibility.spec.ts:4:3 › v5/50 Panels visibility and sizing › Events panel is visible and full-height (7.0s)
[2m[WebServer] [22m[2m11:15:06[22m [36m[1m[vite][22m[39m [90m[2m(client)[22m[39m [32mhmr update [39m[2m/src/index.css[22m
  ✓  122 tests\v5\51-authoring-overlay.spec.ts:4:3 › v5/51 Authoring overlay (centered, material-like) › opens centered and large from Events selection (5.9s)
  ✘  119 tests\v5\48-title-only-degradation.spec.ts:4:3 › v5/48 Title-only degradation › dense clusters trigger title-only cards without overlaps (6.6s)
[2m[WebServer] [22m[2m11:15:10[22m [36m[1m[vite][22m[39m [90m[2m(client)[22m[39m [32mhmr update [39m[2m/src/index.css[22m
  ✘  115 tests\v5\47-jfk-fitall-overflow-semi.spec.ts:9:3 › JFK Fit-All overflow vs full-cards (semi-column) › No semi-column shows 2 full cards plus overflow badge (18.0s)
[2m[WebServer] [22m[2m11:15:13[22m [36m[1m[vite][22m[39m [90m[2m(client)[22m[39m [32mhmr update [39m[2m/src/index.css[22m
[2m[WebServer] [22m[2m11:15:13[22m [36m[1m[vite][22m[39m [90m[2m(client)[22m[39m [32mhmr update [39m[2m/src/index.css[22m
  ✓  124 tests\v5\51-authoring-overlay.spec.ts:33:3 › v5/51 Authoring overlay (centered, material-like) › opens centered from timeline double-click (5.1s)
  ✘  123 tests\v5\50-panels-visibility.spec.ts:19:3 › v5/50 Panels visibility and sizing › Create opens centered authoring overlay (replacing side Create panel) (6.8s)
[2m[WebServer] [22m[2m11:15:17[22m [36m[1m[vite][22m[39m [90m[2m(client)[22m[39m [32mhmr update [39m[2m/src/index.css[22m
[2m[WebServer] [22m[2m11:15:17[22m [36m[1m[vite][22m[39m [90m[2m(client)[22m[39m [32mhmr update [39m[2m/src/index.css[22m
  ✓  126 tests\v5\51-authoring-overlay.spec.ts:48:3 › v5/51 Authoring overlay (centered, material-like) › opens in view mode for existing events and allows toggle to edit mode (6.8s)
  ✓  129 tests\v5\51-authoring-overlay.spec.ts:88:3 › v5/51 Authoring overlay (centered, material-like) › opens in edit mode for new events (3.1s)
[2m[WebServer] [22m[2m11:15:27[22m [36m[1m[vite][22m[39m [90m[2m(client)[22m[39m [32mhmr update [39m[2m/src/index.css[22m
  ✓  130 tests\v5\51-authoring-overlay.spec.ts:109:3 › v5/51 Authoring overlay (centered, material-like) › shows improved form fields with validation and enhancements (3.7s)
  ✘  125 tests\v5\52-panel-scroll-behavior.spec.ts:4:3 › v5/52 Side panel scroll behavior › scroll wheel over Events panel scrolls the panel (not the canvas) (13.6s)
[2m[WebServer] [22m[2m11:15:30[22m [36m[1m[vite][22m[39m [90m[2m(client)[22m[39m [32mhmr update [39m[2m/src/index.css[22m
  ✘  127 tests\v5\53-inline-plus-create.spec.ts:4:3 › v5/53 Inline "+" affordances open Create overlay › top and bottom add buttons open Create (13.8s)
[2m[WebServer] [22m[2m11:15:33[22m [36m[1m[vite][22m[39m [90m[2m(client)[22m[39m [32mhmr update [39m[2m/src/index.css[22m
[2m[WebServer] [22m[2m11:15:33[22m [36m[1m[vite][22m[39m [90m[2m(client)[22m[39m [32mhmr update [39m[2m/src/index.css[22m
  ✓  131 tests\v5\51-authoring-overlay.spec.ts:146:3 › v5/51 Authoring overlay (centered, material-like) › validates required fields and shows error states (4.3s)
[2m[WebServer] [22m[2m11:15:33[22m [36m[1m[vite][22m[39m [90m[2m(client)[22m[39m [32mhmr update [39m[2m/src/index.css[22m
  ✓  132 tests\v5\55-navigation-enhancements.spec.ts:4:3 › v5/55 Enhanced Navigation & Interaction › keyboard shortcuts work for navigation (3.7s)
  ✘  128 tests\v5\50-panels-visibility.spec.ts:35:3 › v5/50 Panels visibility and sizing › Dev panel is visible and full-height (15.5s)
[2m[WebServer] [22m[2m11:15:42[22m [36m[1m[vite][22m[39m [90m[2m(client)[22m[39m [32mhmr update [39m[2m/src/index.css[22m
[2m[WebServer] [22m[2m11:15:42[22m [36m[1m[vite][22m[39m [90m[2m(client)[22m[39m [32mhmr update [39m[2m/src/index.css[22m
[2m[WebServer] [22m[2m11:15:42[22m [36m[1m[vite][22m[39m [90m[2m(client)[22m[39m [32mhmr update [39m[2m/src/index.css[22m
Found 10 events loaded for export testing
Visible cards: 30
Overflow badges found by testid: 0
Overflow badges found by text pattern: 1
Total overflow indicators found: 1
[2m[WebServer] [22m[2m11:15:44[22m [36m[1m[vite][22m[39m [90m[2m(client)[22m[39m [32mhmr update [39m[2m/src/index.css[22m
  ✓  135 tests\v5\55-yaml-export-import.spec.ts:4:3 › v5/55 YAML Export/Import › export and import timeline via YAML (4.7s)
  ✓  133 tests\v5\56-overflow-indicators-visibility.spec.ts:9:3 › Overflow Indicators Visibility Tests › Overflow badges appear when events exceed capacity (11.0s)
[2m[WebServer] [22m[2m11:15:45[22m [36m[1m[vite][22m[39m [90m[2m(client)[22m[39m [32mhmr update [39m[2m/src/index.css[22m
  ✘  134 tests\v5\55-navigation-enhancements.spec.ts:25:3 › v5/55 Enhanced Navigation & Interaction › command palette opens with Ctrl+K and searches commands (6.1s)
[2m[WebServer] [22m[2m11:15:46[22m [36m[1m[vite][22m[39m [90m[2m(client)[22m[39m [32mhmr update [39m[2m/src/index.css[22m
[2m[WebServer] [22m[2m11:15:46[22m [36m[1m[vite][22m[39m [90m[2m(client)[22m[39m [32mhmr update [39m[2m/src/index.css[22m
  ✓  136 tests\v5\55-yaml-export-import.spec.ts:38:3 › v5/55 YAML Export/Import › export button is disabled when no events (6.1s)
Dense view overflow badges: 0
[2m[WebServer] [22m[2m11:15:54[22m [36m[1m[vite][22m[39m [90m[2m(client)[22m[39m [32mhmr update [39m[2m/src/index.css[22m
[2m[WebServer] [22m[2m11:15:54[22m [36m[1m[vite][22m[39m [90m[2m(client)[22m[39m [32mhmr update [39m[2m/src/index.css[22m
[2m[WebServer] [22m[2m11:15:54[22m [36m[1m[vite][22m[39m [90m[2m(client)[22m[39m [32mhmr update [39m[2m/src/index.css[22m
[2m[WebServer] [22m[2m11:15:54[22m [36m[1m[vite][22m[39m [90m[2m(client)[22m[39m [32mhmr update [39m[2m/src/index.css[22m
  ✓  139 tests\v5\55-navigation-enhancements.spec.ts:47:3 › v5/55 Enhanced Navigation & Interaction › enhanced tooltips show keyboard shortcuts (4.0s)
[2m[WebServer] [22m[2m11:15:55[22m [36m[1m[vite][22m[39m [90m[2m(client)[22m[39m [32mhmr update [39m[2m/src/index.css[22m
  ✓  140 tests\v5\55-yaml-export-import.spec.ts:63:3 › v5/55 YAML Export/Import › import button is always enabled (5.7s)
Wide view overflow badges: 2
[2m[WebServer] [22m[2m11:15:57[22m [36m[1m[vite][22m[39m [90m[2m(client)[22m[39m [32mhmr update [39m[2m/src/index.css[22m
[2m[WebServer] [22m[2m11:15:58[22m [36m[1m[vite][22m[39m [90m[2m(client)[22m[39m [32mhmr update [39m[2m/src/index.css[22m
  ✘  138 tests\v5\57-anchor-date-alignment.spec.ts:16:3 › Anchor-Timeline Date Alignment Tests › Anchors align with corresponding timeline dates at default zoom (10.4s)
[2m[WebServer] [22m[2m11:16:00[22m [36m[1m[vite][22m[39m [90m[2m(client)[22m[39m [32mhmr update [39m[2m/src/index.css[22m
[2m[WebServer] [22m[2m11:16:00[22m [36m[1m[vite][22m[39m [90m[2m(client)[22m[39m [32mhmr update [39m[2m/src/index.css[22m
  ✓  142 tests\v5\55-yaml-export-import.spec.ts:83:3 › v5/55 YAML Export/Import › export/import section has correct labels and help text (4.6s)
[2m[WebServer] [22m[2m11:16:01[22m [36m[1m[vite][22m[39m [90m[2m(client)[22m[39m [32mhmr update [39m[2m/src/index.css[22m
  ✘  137 tests\v5\56-overflow-indicators-visibility.spec.ts:71:3 › Overflow Indicators Visibility Tests › Overflow badges disappear when zooming out reduces density (15.0s)
[2m[WebServer] [22m[2m11:16:02[22m [36m[1m[vite][22m[39m [90m[2m(client)[22m[39m [32mhmr update [39m[2m/src/index.css[22m
Testing anchor alignment for: RFK 1968
  ✘  141 tests\v5\55-navigation-enhancements.spec.ts:58:3 › v5/55 Enhanced Navigation & Interaction › breadcrumb navigation shows when panel is open (6.4s)
[2m[WebServer] [22m[2m11:16:06[22m [36m[1m[vite][22m[39m [90m[2m(client)[22m[39m [32mhmr update [39m[2m/src/index.css[22m
Initial anchor positions: [
  { id: [32m'anchor-event-nap-charles-birth'[39m, x: [33m222.453125[39m },
  { id: [32m'anchor-event-nap-parents-marry'[39m, x: [33m564.390625[39m },
  { id: [32m'anchor-event-nap-corsica-france'[39m, x: [33m638.671875[39m }
]
Anchors after zoom: 38
[2m[WebServer] [22m[2m11:16:13[22m [36m[1m[vite][22m[39m [90m[2m(client)[22m[39m [32mhmr update [39m[2m/src/index.css[22m
  ✘  143 tests\v5\58-comprehensive-anchor-alignment.spec.ts:38:3 › Comprehensive Anchor-Timeline Date Alignment Tests › Anchors align precisely with event dates across multiple timelines (7.7s)
[2m[WebServer] [22m[2m11:16:13[22m [36m[1m[vite][22m[39m [90m[2m(client)[22m[39m [32mhmr update [39m[2m/src/index.css[22m
Found 0 overflow badges and 2 anchors
  ✓  145 tests\v5\56-overflow-indicators-visibility.spec.ts:111:3 › Overflow Indicators Visibility Tests › Overflow badges positioned correctly near their anchors (6.6s)
[2m[WebServer] [22m[2m11:16:14[22m [36m[1m[vite][22m[39m [90m[2m(client)[22m[39m [32mhmr update [39m[2m/src/index.css[22m
  ✓  146 tests\v5\55-navigation-enhancements.spec.ts:72:3 › v5/55 Enhanced Navigation & Interaction › navigation rail shows active states (2.6s)
[2m[WebServer] [22m[2m11:16:14[22m [36m[1m[vite][22m[39m [90m[2m(client)[22m[39m [32mhmr update [39m[2m/src/index.css[22m
  ✘  144 tests\v5\57-anchor-date-alignment.spec.ts:82:3 › Anchor-Timeline Date Alignment Tests › Anchors maintain date alignment when zooming in (10.1s)
[2m[WebServer] [22m[2m11:16:17[22m [36m[1m[vite][22m[39m [90m[2m(client)[22m[39m [32mhmr update [39m[2m/src/index.css[22m
  ✓  148 tests\v5\55-navigation-enhancements.spec.ts:90:3 › v5/55 Enhanced Navigation & Interaction › theme toggle works with Alt+T shortcut (3.8s)
[2m[WebServer] [22m[2m11:16:18[22m [36m[1m[vite][22m[39m [90m[2m(client)[22m[39m [32mhmr update [39m[2m/src/index.css[22m
🔍 Looking for Necker event card...
Testing zoom level: default (0 steps)
[2m[WebServer] [22m[2m11:16:23[22m [36m[1m[vite][22m[39m [90m[2m(client)[22m[39m [32mhmr update [39m[2m/src/index.css[22m
🎯 Found Necker card, now looking for corresponding anchor...
📍 Necker anchor found at position: x=534.828125, y=544.5
📍 Timeline axis bounds: x=56, y=537, width=1864, height=6
🔍 Starting from anchor and moving pixel by pixel to find timeline hover area...
🔍 Moving upward from anchor...
  ✘  149 tests\v5\58-comprehensive-anchor-alignment.spec.ts:81:3 › Comprehensive Anchor-Timeline Date Alignment Tests › Anchor alignment accuracy improves with zoom level (6.6s)
[2m[WebServer] [22m[2m11:16:25[22m [36m[1m[vite][22m[39m [90m[2m(client)[22m[39m [32mhmr update [39m[2m/src/index.css[22m
[2m[WebServer] [22m[2m11:16:26[22m [36m[1m[vite][22m[39m [90m[2m(client)[22m[39m [32mhmr update [39m[2m/src/index.css[22m
💡 Tooltip found with selector "div.absolute.bg-gray-800.text-white.text-xs": "Jan 17, 1781"
✅ Found tooltip moving upward at offset -10px
📅 Timeline shows date: Jan 17, 1781
📋 Expected: February 1, 1781 (Necker's Compte Rendu publication date)
📊 Date difference: 15.0 days
✅ Date alignment is acceptable (within 30 days)
📸 Screenshot saved as necker-alignment-demo.png
✅ Demo test completed
[2m[WebServer] [22m[2m11:16:27[22m [36m[1m[vite][22m[39m [90m[2m(client)[22m[39m [32mhmr update [39m[2m/src/index.css[22m
  ✓  147 tests\v5\59-necker-demo.spec.ts:4:3 › Necker Event Timeline-Anchor Alignment Demo › Demonstrate Necker event alignment issue and fix (13.5s)

🔍 Phase 1: Testing alignment at Default Zoom...
📍 Default Zoom - Necker anchor at: x=534.828125, y=544.5
Minute test anchors: 1
[2m[WebServer] [22m[2m11:16:29[22m [36m[1m[vite][22m[39m [90m[2m(client)[22m[39m [32mhmr update [39m[2m/src/index.css[22m
  ✘  153 tests\v5\58-comprehensive-anchor-alignment.spec.ts:129:3 › Comprehensive Anchor-Timeline Date Alignment Tests › Anchor positions remain stable during rapid zoom changes (17ms)
[2m[WebServer] [22m[2m11:16:30[22m [36m[1m[vite][22m[39m [90m[2m(client)[22m[39m [32mhmr update [39m[2m/src/index.css[22m
  ✘  154 tests\v5\58-comprehensive-anchor-alignment.spec.ts:169:3 › Comprehensive Anchor-Timeline Date Alignment Tests › Anchor alignment accuracy with different event densities (0ms)
  -  155 tests\v5\58-comprehensive-anchor-alignment.spec.ts:219:3 › Comprehensive Anchor-Timeline Date Alignment Tests › Anchor coordinate system matches timeline scale calculations
  -  156 tests\v5\58-comprehensive-anchor-alignment.spec.ts:265:3 › Comprehensive Anchor-Timeline Date Alignment Tests › Anchor alignment with timeline tick marks and labels
  -  157 tests\v5\58-comprehensive-anchor-alignment.spec.ts:319:3 › Comprehensive Anchor-Timeline Date Alignment Tests › Hover date precision matches event cards across multiple timelines
  -  158 tests\v5\58-comprehensive-anchor-alignment.spec.ts:436:3 › Comprehensive Anchor-Timeline Date Alignment Tests › Hover date accuracy improves with zoom on French Revolution timeline
  ✘  159 tests\v5\62-timeline-scale-date-alignment.spec.ts:4:3 › Timeline Scale-Date Alignment › Timeline scale labels match actual hover dates (CC-REQ-AXIS-002) (0ms)
[2m[WebServer] [22m[2m11:16:30[22m [36m[1m[vite][22m[39m [90m[2m(client)[22m[39m [32mhmr update [39m[2m/src/index.css[22m
  ✘  160 tests\v5\63-minimap-overlay-visibility.spec.ts:30:3 › Minimap Visibility During Authoring Overlay › minimap should remain visible and ungreyed when authoring overlay is open (0ms)
  -  161 tests\v5\63-minimap-overlay-visibility.spec.ts:109:3 › Minimap Visibility During Authoring Overlay › minimap should highlight selected event when overlay is open
  -  162 tests\v5\63-minimap-overlay-visibility.spec.ts:141:3 › Minimap Visibility During Authoring Overlay › DOM layering inspection - detailed z-index analysis
  ✘  163 tests\v5\64-axis-black-styling.spec.ts:6:3 › v5/64 Axis black styling › axis bar, ticks, and labels render solid black (0ms)
💡 Default Zoom - Tooltip found moving upward at offset -10px: "Jan 17, 1781"
📅 Default Zoom - Timeline shows: Jan 17, 1781
📊 Default Zoom - ✅ Good alignment: 15.0 days difference
[2m[WebServer] [22m[2m11:16:30[22m [36m[1m[vite][22m[39m [90m[2m(client)[22m[39m [32mhmr update [39m[2m/src/index.css[22m

🔍 Phase 2: Testing alignment at Zoom Level 1...
🎯 Positioning cursor at anchor (540.828125, 550.5) for targeted zoom
[2m[WebServer] [22m[2m11:16:31[22m [36m[1m[vite][22m[39m [90m[2m(client)[22m[39m [32mhmr update [39m[2m/src/index.css[22m
[2m[WebServer] [22m[2m11:16:31[22m [36m[1m[vite][22m[39m [90m[2m(client)[22m[39m [32mhmr update [39m[2m/src/index.css[22m
  ✘  151 tests\v5\57-anchor-date-alignment.spec.ts:154:3 › Anchor-Timeline Date Alignment Tests › Anchors align with timeline tick marks for corresponding dates (9.1s)
🔍 Zoom scroll 1/2 at anchor position
[2m[WebServer] [22m[2m11:16:32[22m [36m[1m[vite][22m[39m [90m[2m(client)[22m[39m [32mhmr update [39m[2m/src/index.css[22m
  ✘  164 tests\v5\57-anchor-date-alignment.spec.ts:206:3 › Anchor-Timeline Date Alignment Tests › Anchor positions update correctly when panning timeline (0ms)
  -  165 tests\v5\57-anchor-date-alignment.spec.ts:265:3 › Anchor-Timeline Date Alignment Tests › Timeline hover date matches anchor event dates
  -  166 tests\v5\57-anchor-date-alignment.spec.ts:352:3 › Anchor-Timeline Date Alignment Tests › Specific test: Necker Compte Rendu date alignment
🔍 Zoom scroll 2/2 at anchor position
🔧 Applied 2 additional zoom scrolls (total: 2)
📍 Zoom Level 1 - Necker anchor at: x=489.28125, y=519.5
🔍 Testing anchor persistence across zoom levels...
📊 Default zoom: 43 French Revolution anchors
💡 Zoom Level 1 - Tooltip found moving upward at offset -10px: "Jan 24, 1781"
📅 Zoom Level 1 - Timeline shows: Jan 24, 1781
📊 Zoom Level 1 - ✅ Good alignment: 8.0 days difference

🔍 Phase 3: Testing alignment at Zoom Level 2...
🎯 Positioning cursor at anchor (495.28125, 525.5) for targeted zoom
📊 Zoom level 1: 50 French Revolution anchors
🔍 Zoom scroll 1/2 at anchor position
📊 Zoom level 2: 49 French Revolution anchors
📊 Zoom level 3: 66 French Revolution anchors
🔍 Zoom scroll 2/2 at anchor position
🔧 Applied 2 additional zoom scrolls (total: 4)
📊 Zoom level 4: 65 French Revolution anchors
📍 Zoom Level 2 - Necker anchor at: x=441.5625, y=519.5
💡 Zoom Level 2 - Tooltip found moving upward at offset -10px: "Jan 26, 1781"
📅 Zoom Level 2 - Timeline shows: Jan 26, 1781
📊 Zoom Level 2 - ✅ Good alignment: 6.0 days difference

🔍 Phase 4: Testing alignment at Zoom Level 3...
[2m[WebServer] [22m[2m11:16:43[22m [36m[1m[vite][22m[39m [90m[2m(client)[22m[39m [32mhmr update [39m[2m/src/index.css[22m
🎯 Positioning cursor at anchor (447.5625, 525.5) for targeted zoom
[2m[WebServer] [22m[2m11:16:43[22m [36m[1m[vite][22m[39m [90m[2m(client)[22m[39m [32mhmr update [39m[2m/src/index.css[22m
📊 Deep zoom: 57 French Revolution anchors
📊 Final anchor count: 57
✅ Anchor persistence test completed - CC-REQ-ANCHOR-004 verified
[2m[WebServer] [22m[2m11:16:43[22m [36m[1m[vite][22m[39m [90m[2m(client)[22m[39m [32mhmr update [39m[2m/src/index.css[22m
[2m[WebServer] [22m[2m11:16:43[22m [36m[1m[vite][22m[39m [90m[2m(client)[22m[39m [32mhmr update [39m[2m/src/index.css[22m
  ✓  152 tests\v5\61-anchor-persistence-french-revolution.spec.ts:4:3 › Anchor Persistence - French Revolution › Anchors remain visible at all zoom levels (CC-REQ-ANCHOR-004) (16.3s)
[2m[WebServer] [22m[2m11:16:44[22m [36m[1m[vite][22m[39m [90m[2m(client)[22m[39m [32mhmr update [39m[2m/src/index.css[22m
🔍 Zoom scroll 1/2 at anchor position
[2m[WebServer] [22m[2m11:16:45[22m [36m[1m[vite][22m[39m [90m[2m(client)[22m[39m [32mhmr update [39m[2m/src/index.css[22m
🔍 Zoom scroll 2/2 at anchor position
🔧 Applied 2 additional zoom scrolls (total: 6)
📍 Zoom Level 3 - Necker anchor at: x=391.5625, y=519.5
💡 Zoom Level 3 - Tooltip found moving upward at offset -10px: "Jan 28, 1781"
📅 Zoom Level 3 - Timeline shows: Jan 28, 1781
📊 Zoom Level 3 - ✅ Good alignment: 4.0 days difference

🔍 Phase 5: Testing alignment at Max Zoom...
🎯 Positioning cursor at anchor (397.5625, 525.5) for targeted zoom
🔍 Zoom scroll 1/4 at anchor position
🔍 Zoom scroll 2/4 at anchor position
🔍 Zoom scroll 3/4 at anchor position
🔍 Zoom scroll 4/4 at anchor position
🔧 Applied 4 additional zoom scrolls (total: 10)
📍 Max Zoom - Necker anchor at: x=283.84375, y=519.5
💡 Max Zoom - Tooltip found moving upward at offset -10px: "Jan 30, 1781"
📅 Max Zoom - Timeline shows: Jan 30, 1781
📊 Max Zoom - ✅ Good alignment: 2.0 days difference

📊 ZOOM ALIGNMENT SUMMARY:
============================================================
✅ Default Zoom: Jan 17, 1781 (15.0 days accuracy)
✅ Zoom Level 1: Jan 24, 1781 (8.0 days accuracy)
✅ Zoom Level 2: Jan 26, 1781 (6.0 days accuracy)
✅ Zoom Level 3: Jan 28, 1781 (4.0 days accuracy)
✅ Max Zoom: Jan 30, 1781 (2.0 days accuracy)
============================================================
🎉 EXCELLENT: Alignment maintained across all zoom levels!
✅ Multi-zoom demo test completed
[2m[WebServer] [22m[2m11:16:56[22m [36m[1m[vite][22m[39m [90m[2m(client)[22m[39m [32mhmr update [39m[2m/src/index.css[22m
  ✓  150 tests\v5\60-necker-zoom-demo.spec.ts:4:3 › Necker Event Timeline-Anchor Alignment with Zoom Demo › Demonstrate Necker event alignment at multiple zoom levels (38.1s)
[2m[WebServer] [22m[2m11:16:59[22m [36m[1m[vite][22m[39m [90m[2m(client)[22m[39m [32mhmr update [39m[2m/src/index.css[22m
[2m[WebServer] [22m[2m11:19:18[22m [36m[1m[vite][22m[39m [90m[2m(client)[22m[39m [32mhmr update [39m[2m/src/index.css[22m
[2m[WebServer] [22m[2m11:19:18[22m [36m[1m[vite][22m[39m [90m[2m(client)[22m[39m [32mhmr update [39m[2m/src/index.css[22m
[2m[WebServer] [22m[2m11:19:20[22m [36m[1m[vite][22m[39m [90m[2m(client)[22m[39m [32mhmr update [39m[2m/src/index.css[22m
[2m[WebServer] [22m[2m11:19:20[22m [36m[1m[vite][22m[39m [90m[2m(client)[22m[39m [32mhmr update [39m[2m/src/index.css[22m
[2m[WebServer] [22m[2m11:19:30[22m [36m[1m[vite][22m[39m [90m[2m(client)[22m[39m [32mhmr update [39m[2m/src/index.css[22m
[2m[WebServer] [22m[2m11:19:30[22m [36m[1m[vite][22m[39m [90m[2m(client)[22m[39m [32mhmr update [39m[2m/src/index.css[22m
[2m[WebServer] [22m[2m11:19:45[22m [36m[1m[vite][22m[39m [90m[2m(client)[22m[39m [32mhmr update [39m[2m/src/index.css[22m
[2m[WebServer] [22m[2m11:19:45[22m [36m[1m[vite][22m[39m [90m[2m(client)[22m[39m [32mhmr update [39m[2m/src/index.css[22m
[2m[WebServer] [22m[2m11:19:46[22m [36m[1m[vite][22m[39m [90m[2m(client)[22m[39m [32mhmr update [39m[2m/src/index.css[22m
[2m[WebServer] [22m[2m11:19:46[22m [36m[1m[vite][22m[39m [90m[2m(client)[22m[39m [32mhmr update [39m[2m/src/index.css[22m
[2m[WebServer] [22m[2m11:21:25[22m [36m[1m[vite][22m[39m [90m[2m(client)[22m[39m [32mhmr update [39m[2m/src/index.css[22m
[2m[WebServer] [22m[2m11:21:25[22m [36m[1m[vite][22m[39m [90m[2m(client)[22m[39m [32mhmr update [39m[2m/src/index.css[22m
[2m[WebServer] [22m[2m11:21:27[22m [36m[1m[vite][22m[39m [90m[2m(client)[22m[39m [32mhmr update [39m[2m/src/index.css[22m
[2m[WebServer] [22m[2m11:21:27[22m [36m[1m[vite][22m[39m [90m[2m(client)[22m[39m [32mhmr update [39m[2m/src/index.css[22m
[2m[WebServer] [22m[2m11:21:29[22m [36m[1m[vite][22m[39m [90m[2m(client)[22m[39m [32mhmr update [39m[2m/src/index.css[22m
[2m[WebServer] [22m[2m11:21:29[22m [36m[1m[vite][22m[39m [90m[2m(client)[22m[39m [32mhmr update [39m[2m/src/index.css[22m
[2m[WebServer] [22m[2m11:22:31[22m [36m[1m[vite][22m[39m [90m[2m(client)[22m[39m [32mhmr update [39m[2m/src/index.css[22m
[2m[WebServer] [22m[2m11:22:31[22m [36m[1m[vite][22m[39m [90m[2m(client)[22m[39m [32mhmr update [39m[2m/src/index.css[22m
[2m[WebServer] [22m[2m11:22:33[22m [36m[1m[vite][22m[39m [90m[2m(client)[22m[39m [32mhmr update [39m[2m/src/index.css[22m
[2m[WebServer] [22m[2m11:22:33[22m [36m[1m[vite][22m[39m [90m[2m(client)[22m[39m [32mhmr update [39m[2m/src/index.css[22m
[2m[WebServer] [22m[2m11:22:34[22m [36m[1m[vite][22m[39m [90m[2m(client)[22m[39m [32mhmr update [39m[2m/src/index.css[22m
[2m[WebServer] [22m[2m11:22:34[22m [36m[1m[vite][22m[39m [90m[2m(client)[22m[39m [32mhmr update [39m[2m/src/index.css[22m
[2m[WebServer] [22m[2m11:24:39[22m [36m[1m[vite][22m[39m [90m[2m(client)[22m[39m [32mhmr update [39m[2m/src/index.css[22m
[2m[WebServer] [22m[2m11:24:39[22m [36m[1m[vite][22m[39m [90m[2m(client)[22m[39m [32mhmr update [39m[2m/src/index.css[22m
[2m[WebServer] [22m[2m11:24:56[22m [36m[1m[vite][22m[39m [90m[2m(client)[22m[39m [32mhmr update [39m[2m/src/index.css[22m
[2m[WebServer] [22m[2m11:24:56[22m [36m[1m[vite][22m[39m [90m[2m(client)[22m[39m [32mhmr update [39m[2m/src/index.css[22m
[2m[WebServer] [22m[2m11:26:19[22m [36m[1m[vite][22m[39m [90m[2m(client)[22m[39m [32mhmr update [39m[2m/src/index.css[22m
[2m[WebServer] [22m[2m11:26:19[22m [36m[1m[vite][22m[39m [90m[2m(client)[22m[39m [32mhmr update [39m[2m/src/index.css[22m
[2m[WebServer] [22m[2m11:38:59[22m [36m[1m[vite][22m[39m [90m[2m(client)[22m[39m [32mhmr update [39m[2m/src/index.css[22m
[2m[WebServer] [22m[2m11:38:59[22m [36m[1m[vite][22m[39m [90m[2m(client)[22m[39m [32mhmr update [39m[2m/src/index.css[22m
[2m[WebServer] [22m[2m11:39:01[22m [36m[1m[vite][22m[39m [90m[2m(client)[22m[39m [32mhmr update [39m[2m/src/index.css[22m
[2m[WebServer] [22m[2m11:39:02[22m [36m[1m[vite][22m[39m [90m[2m(client)[22m[39m [32mhmr update [39m[2m/src/index.css[22m
[2m[WebServer] [22m[2m11:40:59[22m [36m[1m[vite][22m[39m [90m[2m(client)[22m[39m [32mhmr update [39m[2m/src/index.css[22m
[2m[WebServer] [22m[2m11:40:59[22m [36m[1m[vite][22m[39m [90m[2m(client)[22m[39m [32mhmr update [39m[2m/src/index.css[22m
[2m[WebServer] [22m[2m11:41:01[22m [36m[1m[vite][22m[39m [90m[2m(client)[22m[39m [32mhmr update [39m[2m/src/index.css[22m
[2m[WebServer] [22m[2m11:41:01[22m [36m[1m[vite][22m[39m [90m[2m(client)[22m[39m [32mhmr update [39m[2m/src/index.css[22m
[2m[WebServer] [22m[2m11:53:56[22m [36m[1m[vite][22m[39m [90m[2m(client)[22m[39m [32mhmr update [39m[2m/src/index.css[22m
[2m[WebServer] [22m[2m11:53:56[22m [36m[1m[vite][22m[39m [90m[2m(client)[22m[39m [32mhmr update [39m[2m/src/index.css[22m
[2m[WebServer] [22m[2m12:48:05[22m [36m[1m[vite][22m[39m [90m[2m(client)[22m[39m [32mhmr update [39m[2m/src/index.css[22m
[2m[WebServer] [22m[2m12:48:05[22m [36m[1m[vite][22m[39m [90m[2m(client)[22m[39m [32mhmr update [39m[2m/src/index.css[22m
[2m[WebServer] [22m[2m12:48:37[22m [36m[1m[vite][22m[39m [90m[2m(client)[22m[39m [32mhmr update [39m[2m/src/index.css[22m
[2m[WebServer] [22m[2m12:48:37[22m [36m[1m[vite][22m[39m [90m[2m(client)[22m[39m [32mhmr update [39m[2m/src/index.css[22m
[2m[WebServer] [22m[2m12:48:39[22m [36m[1m[vite][22m[39m [90m[2m(client)[22m[39m [32mhmr update [39m[2m/src/index.css[22m
[2m[WebServer] [22m[2m12:48:39[22m [36m[1m[vite][22m[39m [90m[2m(client)[22m[39m [32mhmr update [39m[2m/src/index.css[22m
[2m[WebServer] [22m[2m12:50:04[22m [36m[1m[vite][22m[39m [90m[2m(client)[22m[39m [32mhmr update [39m[2m/src/index.css[22m
[2m[WebServer] [22m[2m12:50:04[22m [36m[1m[vite][22m[39m [90m[2m(client)[22m[39m [32mhmr update [39m[2m/src/index.css[22m
[2m[WebServer] [22m[2m12:52:26[22m [36m[1m[vite][22m[39m [90m[2m(client)[22m[39m [32mhmr update [39m[2m/src/index.css[22m
[2m[WebServer] [22m[2m12:52:26[22m [36m[1m[vite][22m[39m [90m[2m(client)[22m[39m [32mhmr update [39m[2m/src/index.css[22m
[2m[WebServer] [22m[2m12:53:13[22m [36m[1m[vite][22m[39m [90m[2m(client)[22m[39m [32mhmr update [39m[2m/src/index.css[22m
[2m[WebServer] [22m[2m12:53:13[22m [36m[1m[vite][22m[39m [90m[2m(client)[22m[39m [32mhmr update [39m[2m/src/index.css[22m
[2m[WebServer] [22m[2m12:53:13[22m [36m[1m[vite][22m[39m [90m[2m(client)[22m[39m [32mhmr update [39m[2m/src/index.css[22m
[2m[WebServer] [22m[2m12:53:13[22m [36m[1m[vite][22m[39m [90m[2m(client)[22m[39m [32mhmr update [39m[2m/src/index.css[22m
[2m[WebServer] [22m[2m12:53:13[22m [36m[1m[vite][22m[39m [90m[2m(client)[22m[39m [32mhmr update [39m[2m/src/index.css[22m
[2m[WebServer] [22m[2m12:53:13[22m [36m[1m[vite][22m[39m [90m[2m(client)[22m[39m [32mhmr update [39m[2m/src/index.css[22m
[2m[WebServer] [22m[2m12:53:13[22m [36m[1m[vite][22m[39m [90m[2m(client)[22m[39m [32mhmr update [39m[2m/src/index.css[22m
[2m[WebServer] [22m[2m12:53:13[22m [36m[1m[vite][22m[39m [90m[2m(client)[22m[39m [32mhmr update [39m[2m/src/index.css[22m
[2m[WebServer] [22m[2m12:53:33[22m [36m[1m[vite][22m[39m [90m[2m(client)[22m[39m [32mhmr update [39m[2m/src/index.css[22m
[2m[WebServer] [22m[2m12:53:33[22m [36m[1m[vite][22m[39m [90m[2m(client)[22m[39m [32mhmr update [39m[2m/src/index.css[22m
[2m[WebServer] [22m[2m12:53:33[22m [36m[1m[vite][22m[39m [90m[2m(client)[22m[39m [32mhmr update [39m[2m/src/index.css[22m
[2m[WebServer] [22m[2m12:53:34[22m [36m[1m[vite][22m[39m [90m[2m(client)[22m[39m [32mhmr update [39m[2m/src/index.css[22m
[2m[WebServer] [22m[2m12:53:34[22m [36m[1m[vite][22m[39m [90m[2m(client)[22m[39m [32mhmr update [39m[2m/src/index.css[22m
[2m[WebServer] [22m[2m12:53:34[22m [36m[1m[vite][22m[39m [90m[2m(client)[22m[39m [32mhmr update [39m[2m/src/index.css[22m
[2m[WebServer] [22m[2m12:53:34[22m [36m[1m[vite][22m[39m [90m[2m(client)[22m[39m [32mhmr update [39m[2m/src/index.css[22m
[2m[WebServer] [22m[2m12:53:34[22m [36m[1m[vite][22m[39m [90m[2m(client)[22m[39m [32mhmr update [39m[2m/src/index.css[22m
[2m[WebServer] [22m[2m12:53:49[22m [36m[1m[vite][22m[39m [90m[2m(client)[22m[39m [32mhmr update [39m[2m/src/index.css[22m
[2m[WebServer] [22m[2m12:53:50[22m [36m[1m[vite][22m[39m [90m[2m(client)[22m[39m [32mhmr update [39m[2m/src/index.css[22m
[2m[WebServer] [22m[2m12:53:50[22m [36m[1m[vite][22m[39m [90m[2m(client)[22m[39m [32mhmr update [39m[2m/src/index.css[22m
[2m[WebServer] [22m[2m12:53:50[22m [36m[1m[vite][22m[39m [90m[2m(client)[22m[39m [32mhmr update [39m[2m/src/index.css[22m
[2m[WebServer] [22m[2m12:53:50[22m [36m[1m[vite][22m[39m [90m[2m(client)[22m[39m [32mhmr update [39m[2m/src/index.css[22m
[2m[WebServer] [22m[2m12:53:50[22m [36m[1m[vite][22m[39m [90m[2m(client)[22m[39m [32mhmr update [39m[2m/src/index.css[22m
[2m[WebServer] [22m[2m12:53:50[22m [36m[1m[vite][22m[39m [90m[2m(client)[22m[39m [32mhmr update [39m[2m/src/index.css[22m
[2m[WebServer] [22m[2m12:53:50[22m [36m[1m[vite][22m[39m [90m[2m(client)[22m[39m [32mhmr update [39m[2m/src/index.css[22m
[2m[WebServer] [22m[2m12:53:50[22m [36m[1m[vite][22m[39m [90m[2m(client)[22m[39m [32mhmr update [39m[2m/src/index.css[22m
[2m[WebServer] [22m[2m12:53:50[22m [36m[1m[vite][22m[39m [90m[2m(client)[22m[39m [32mhmr update [39m[2m/src/index.css[22m
[2m[WebServer] [22m[2m12:53:50[22m [36m[1m[vite][22m[39m [90m[2m(client)[22m[39m [32mhmr update [39m[2m/src/index.css[22m
[2m[WebServer] [22m[2m12:53:50[22m [36m[1m[vite][22m[39m [90m[2m(client)[22m[39m [32mhmr update [39m[2m/src/index.css[22m
[2m[WebServer] [22m[2m12:53:50[22m [36m[1m[vite][22m[39m [90m[2m(client)[22m[39m [32mhmr update [39m[2m/src/index.css[22m
[2m[WebServer] [22m[2m12:53:50[22m [36m[1m[vite][22m[39m [90m[2m(client)[22m[39m [32mhmr update [39m[2m/src/index.css[22m
[2m[WebServer] [22m[2m12:53:50[22m [36m[1m[vite][22m[39m [90m[2m(client)[22m[39m [32mhmr update [39m[2m/src/index.css[22m
[2m[WebServer] [22m[2m14:03:03[22m [36m[1m[vite][22m[39m [90m[2m(client)[22m[39m [32mhmr update [39m[2m/src/index.css[22m
[2m[WebServer] [22m[2m14:03:03[22m [36m[1m[vite][22m[39m [90m[2m(client)[22m[39m [32mhmr update [39m[2m/src/index.css[22m
[2m[WebServer] [22m[2m14:03:03[22m [36m[1m[vite][22m[39m [90m[2m(client)[22m[39m [32mhmr update [39m[2m/src/index.css[22m
[2m[WebServer] [22m[2m14:03:03[22m [36m[1m[vite][22m[39m [90m[2m(client)[22m[39m [32mhmr update [39m[2m/src/index.css[22m
[2m[WebServer] [22m[2m14:03:03[22m [36m[1m[vite][22m[39m [90m[2m(client)[22m[39m [32mhmr update [39m[2m/src/index.css[22m
[2m[WebServer] [22m[2m14:03:03[22m [36m[1m[vite][22m[39m [90m[2m(client)[22m[39m [32mhmr update [39m[2m/src/index.css[22m
[2m[WebServer] [22m[2m14:03:03[22m [36m[1m[vite][22m[39m [90m[2m(client)[22m[39m [32mhmr update [39m[2m/src/index.css[22m
[2m[WebServer] [22m[2m14:03:03[22m [36m[1m[vite][22m[39m [90m[2m(client)[22m[39m [32mhmr update [39m[2m/src/index.css[22m
[2m[WebServer] [22m[2m14:04:54[22m [36m[1m[vite][22m[39m [90m[2m(client)[22m[39m [32mhmr update [39m[2m/src/index.css[22m
[2m[WebServer] [22m[2m14:04:54[22m [36m[1m[vite][22m[39m [90m[2m(client)[22m[39m [32mhmr update [39m[2m/src/index.css[22m
[2m[WebServer] [22m[2m14:06:45[22m [36m[1m[vite][22m[39m [90m[2m(client)[22m[39m [32mhmr update [39m[2m/src/index.css[22m
[2m[WebServer] [22m[2m14:06:45[22m [36m[1m[vite][22m[39m [90m[2m(client)[22m[39m [32mhmr update [39m[2m/src/index.css[22m
[2m[WebServer] [22m[2m14:06:45[22m [36m[1m[vite][22m[39m [90m[2m(client)[22m[39m [32mhmr update [39m[2m/src/index.css[22m
[2m[WebServer] [22m[2m14:08:09[22m [36m[1m[vite][22m[39m [90m[2m(client)[22m[39m [32mhmr update [39m[2m/src/index.css[22m
[2m[WebServer] [22m[2m14:08:09[22m [36m[1m[vite][22m[39m [90m[2m(client)[22m[39m [32mhmr update [39m[2m/src/index.css[22m
[2m[WebServer] [22m[2m14:09:16[22m [36m[1m[vite][22m[39m [90m[2m(client)[22m[39m [32mhmr update [39m[2m/src/index.css[22m
[2m[WebServer] [22m[2m14:09:34[22m [36m[1m[vite][22m[39m [90m[2m(client)[22m[39m [32mhmr update [39m[2m/src/index.css[22m
[2m[WebServer] [22m[2m14:10:30[22m [36m[1m[vite][22m[39m [90m[2m(client)[22m[39m [32mhmr update [39m[2m/src/index.css[22m
[2m[WebServer] [22m[2m14:10:46[22m [36m[1m[vite][22m[39m [90m[2m(client)[22m[39m [32mhmr update [39m[2m/src/index.css[22m
[2m[WebServer] [22m[2m14:11:34[22m [36m[1m[vite][22m[39m [90m[2m(client)[22m[39m [32mhmr update [39m[2m/src/index.css[22m
[2m[WebServer] [22m[2m14:11:56[22m [36m[1m[vite][22m[39m [90m[2m(client)[22m[39m [32mhmr update [39m[2m/src/index.css[22m
[2m[WebServer] [22m[2m14:14:08[22m [36m[1m[vite][22m[39m [90m[2m(client)[22m[39m [32mhmr update [39m[2m/src/index.css[22m
[2m[WebServer] [22m[2m14:14:27[22m [36m[1m[vite][22m[39m [90m[2m(client)[22m[39m [32mhmr update [39m[2m/src/index.css[22m
[2m[WebServer] [22m[2m14:20:02[22m [36m[1m[vite][22m[39m [90m[2m(client)[22m[39m [32mhmr update [39m[2m/src/index.css[22m
[2m[WebServer] [22m[2m14:20:03[22m [36m[1m[vite][22m[39m [90m[2m(client)[22m[39m [32mhmr update [39m[2m/src/index.css[22m
[2m[WebServer] [22m[2m14:20:04[22m [36m[1m[vite][22m[39m [90m[2m(client)[22m[39m [32mhmr update [39m[2m/src/index.css[22m
[2m[WebServer] [22m[2m14:20:11[22m [36m[1m[vite][22m[39m [90m[2m(client)[22m[39m [32mhmr update [39m[2m/src/index.css[22m
[2m[WebServer] [22m[2m14:29:15[22m [36m[1m[vite][22m[39m [90m[2m(client)[22m[39m [32mhmr update [39m[2m/src/index.css[22m
[2m[WebServer] [22m[2m14:29:15[22m [36m[1m[vite][22m[39m [90m[2m(client)[22m[39m [32mhmr update [39m[2m/src/index.css[22m
[2m[WebServer] [22m[2m14:49:25[22m [36m[1m[vite][22m[39m [90m[2m(client)[22m[39m [32mhmr update [39m[2m/src/index.css[22m
[2m[WebServer] [22m[2m14:49:43[22m [36m[1m[vite][22m[39m [90m[2m(client)[22m[39m [32mhmr update [39m[2m/src/index.css[22m
[2m[WebServer] [22m[2m14:49:51[22m [36m[1m[vite][22m[39m [90m[2m(client)[22m[39m [32mhmr update [39m[2m/src/index.css[22m
[2m[WebServer] [22m[2m14:49:59[22m [36m[1m[vite][22m[39m [90m[2m(client)[22m[39m [32mhmr update [39m[2m/src/index.css[22m
[2m[WebServer] [22m[2m14:52:44[22m [36m[1m[vite][22m[39m [90m[2m(client)[22m[39m [32mhmr update [39m[2m/src/index.css[22m
[2m[WebServer] [22m[2m14:52:55[22m [36m[1m[vite][22m[39m [90m[2m(client)[22m[39m [32mhmr update [39m[2m/src/index.css[22m
[2m[WebServer] [22m[2m14:55:35[22m [36m[1m[vite][22m[39m [90m[2m(client)[22m[39m [32mhmr update [39m[2m/src/index.css[22m
[2m[WebServer] [22m[2m14:55:52[22m [36m[1m[vite][22m[39m [90m[2m(client)[22m[39m [32mhmr update [39m[2m/src/index.css[22m
[2m[WebServer] [22m[2m14:56:03[22m [36m[1m[vite][22m[39m [90m[2m(client)[22m[39m [32mhmr update [39m[2m/src/index.css[22m
[2m[WebServer] [22m[2m14:58:52[22m [36m[1m[vite][22m[39m [90m[2m(client)[22m[39m [32mhmr update [39m[2m/src/index.css[22m
[2m[WebServer] [22m[2m14:59:19[22m [36m[1m[vite][22m[39m [90m[2m(client)[22m[39m [32mhmr update [39m[2m/src/index.css[22m
[2m[WebServer] [22m[2m14:59:31[22m [36m[1m[vite][22m[39m [90m[2m(client)[22m[39m [32mhmr update [39m[2m/src/index.css[22m
[2m[WebServer] [22m[2m14:59:47[22m [36m[1m[vite][22m[39m [90m[2m(client)[22m[39m [32mhmr update [39m[2m/src/index.css[22m
[2m[WebServer] [22m[2m15:01:34[22m [36m[1m[vite][22m[39m [90m[2m(client)[22m[39m [32mhmr update [39m[2m/src/index.css[22m
[2m[WebServer] [22m[2m15:01:54[22m [36m[1m[vite][22m[39m [90m[2m(client)[22m[39m [32mhmr update [39m[2m/src/index.css[22m
[2m[WebServer] [22m[2m15:04:49[22m [36m[1m[vite][22m[39m [90m[2m(client)[22m[39m [32mhmr update [39m[2m/src/index.css[22m
[2m[WebServer] [22m[2m15:04:49[22m [36m[1m[vite][22m[39m [90m[2m(client)[22m[39m [32mhmr update [39m[2m/src/index.css[22m
[2m[WebServer] [22m[2m15:29:40[22m [36m[1m[vite][22m[39m [90m[2m(client)[22m[39m [32mhmr update [39m[2m/src/index.css[22m
[2m[WebServer] [22m[2m15:29:58[22m [36m[1m[vite][22m[39m [90m[2m(client)[22m[39m [32mhmr update [39m[2m/src/index.css[22m
[2m[WebServer] [22m[2m15:30:17[22m [36m[1m[vite][22m[39m [90m[2m(client)[22m[39m [32mhmr update [39m[2m/src/index.css[22m
[2m[WebServer] [22m[2m15:30:28[22m [36m[1m[vite][22m[39m [90m[2m(client)[22m[39m [32mhmr update [39m[2m/src/index.css[22m
[2m[WebServer] [22m[2m15:30:42[22m [36m[1m[vite][22m[39m [90m[2m(client)[22m[39m [32mhmr update [39m[2m/src/index.css[22m
[2m[WebServer] [22m[2m15:33:29[22m [36m[1m[vite][22m[39m [90m[2m(client)[22m[39m [32mhmr update [39m[2m/src/index.css[22m
[2m[WebServer] [22m[2m15:33:44[22m [36m[1m[vite][22m[39m [90m[2m(client)[22m[39m [32mhmr update [39m[2m/src/index.css[22m
[2m[WebServer] [22m[2m15:33:44[22m [36m[1m[vite][22m[39m [90m[2m(client)[22m[39m [32mhmr update [39m[2m/src/index.css[22m
[2m[WebServer] [22m[2m15:33:44[22m [36m[1m[vite][22m[39m [90m[2m(client)[22m[39m [32mhmr update [39m[2m/src/index.css[22m
[2m[WebServer] [22m[2m15:33:56[22m [36m[1m[vite][22m[39m [90m[2m(client)[22m[39m [32mhmr update [39m[2m/src/index.css[22m
[2m[WebServer] [22m[2m15:34:10[22m [36m[1m[vite][22m[39m [90m[2m(client)[22m[39m [32mhmr update [39m[2m/src/index.css[22m
[2m[WebServer] [22m[2m15:36:55[22m [36m[1m[vite][22m[39m [90m[2m(client)[22m[39m [32mhmr update [39m[2m/src/index.css[22m
[2m[WebServer] [22m[2m15:36:55[22m [36m[1m[vite][22m[39m [90m[2m(client)[22m[39m [32mhmr update [39m[2m/src/index.css[22m
[2m[WebServer] [22m[2m15:47:26[22m [36m[1m[vite][22m[39m [90m[2m(client)[22m[39m [32mhmr update [39m[2m/src/index.css[22m
[2m[WebServer] [22m[2m15:47:47[22m [36m[1m[vite][22m[39m [90m[2m(client)[22m[39m [32mhmr update [39m[2m/src/index.css[22m
[2m[WebServer] [22m[2m15:48:15[22m [36m[1m[vite][22m[39m [90m[2m(client)[22m[39m [32mhmr update [39m[2m/src/index.css[22m
[2m[WebServer] [22m[2m15:48:27[22m [36m[1m[vite][22m[39m [90m[2m(client)[22m[39m [32mhmr update [39m[2m/src/index.css[22m
[2m[WebServer] [22m[2m15:50:06[22m [36m[1m[vite][22m[39m [90m[2m(client)[22m[39m [32mhmr update [39m[2m/src/index.css[22m
[2m[WebServer] [22m[2m15:50:16[22m [36m[1m[vite][22m[39m [90m[2m(client)[22m[39m [32mhmr update [39m[2m/src/index.css[22m
[2m[WebServer] [22m[2m15:52:32[22m [36m[1m[vite][22m[39m [90m[2m(client)[22m[39m [32mhmr update [39m[2m/src/index.css[22m
[2m[WebServer] [22m[2m15:52:43[22m [36m[1m[vite][22m[39m [90m[2m(client)[22m[39m [32mhmr update [39m[2m/src/index.css[22m
[2m[WebServer] [22m[2m15:52:47[22m [36m[1m[vite][22m[39m [90m[2m(client)[22m[39m [32mhmr update [39m[2m/src/index.css[22m
[2m[WebServer] [22m[2m15:55:32[22m [36m[1m[vite][22m[39m [90m[2m(client)[22m[39m [32mhmr update [39m[2m/src/index.css[22m
[2m[WebServer] [22m[2m15:56:06[22m [36m[1m[vite][22m[39m [90m[2m(client)[22m[39m [32mhmr update [39m[2m/src/index.css[22m
[2m[WebServer] [22m[2m15:56:09[22m [36m[1m[vite][22m[39m [90m[2m(client)[22m[39m [32mhmr update [39m[2m/src/index.css[22m
[2m[WebServer] [22m[2m15:59:30[22m [36m[1m[vite][22m[39m [90m[2m(client)[22m[39m [32mhmr update [39m[2m/src/index.css[22m
[2m[WebServer] [22m[2m15:59:30[22m [36m[1m[vite][22m[39m [90m[2m(client)[22m[39m [32mhmr update [39m[2m/src/index.css[22m
[2m[WebServer] [22m[2m16:24:20[22m [36m[1m[vite][22m[39m [90m[2m(client)[22m[39m [32mhmr update [39m[2m/src/index.css[22m
[2m[WebServer] [22m[2m16:24:48[22m [36m[1m[vite][22m[39m [90m[2m(client)[22m[39m [32mhmr update [39m[2m/src/index.css[22m
[2m[WebServer] [22m[2m16:25:24[22m [36m[1m[vite][22m[39m [90m[2m(client)[22m[39m [32mhmr update [39m[2m/src/index.css[22m
[2m[WebServer] [22m[2m16:25:56[22m [36m[1m[vite][22m[39m [90m[2m(client)[22m[39m [32mhmr update [39m[2m/src/index.css[22m
[2m[WebServer] [22m[2m16:26:22[22m [36m[1m[vite][22m[39m [90m[2m(client)[22m[39m [32mhmr update [39m[2m/src/index.css[22m
[2m[WebServer] [22m[2m16:26:36[22m [36m[1m[vite][22m[39m [90m[2m(client)[22m[39m [32mhmr update [39m[2m/src/index.css[22m
[2m[WebServer] [22m[2m16:30:12[22m [36m[1m[vite][22m[39m [90m[2m(client)[22m[39m [32mhmr update [39m[2m/src/index.css[22m
[2m[WebServer] [22m[2m16:30:35[22m [36m[1m[vite][22m[39m [90m[2m(client)[22m[39m [32mhmr update [39m[2m/src/index.css[22m
[2m[WebServer] [22m[2m16:30:50[22m [36m[1m[vite][22m[39m [90m[2m(client)[22m[39m [32mhmr update [39m[2m/src/index.css[22m
[2m[WebServer] [22m[2m16:35:02[22m [36m[1m[vite][22m[39m [90m[2m(client)[22m[39m [32mhmr update [39m[2m/src/index.css[22m
[2m[WebServer] [22m[2m16:35:29[22m [36m[1m[vite][22m[39m [90m[2m(client)[22m[39m [32mhmr update [39m[2m/src/index.css[22m
[2m[WebServer] [22m[2m16:40:42[22m [36m[1m[vite][22m[39m [90m[2m(client)[22m[39m [32mhmr update [39m[2m/src/index.css[22m
[2m[WebServer] [22m[2m16:40:57[22m [36m[1m[vite][22m[39m [90m[2m(client)[22m[39m [32mhmr update [39m[2m/src/index.css[22m
[2m[WebServer] [22m[2m16:44:00[22m [36m[1m[vite][22m[39m [90m[2m(client)[22m[39m [32mhmr update [39m[2m/src/index.css[22m
[2m[WebServer] [22m[2m16:44:27[22m [36m[1m[vite][22m[39m [90m[2m(client)[22m[39m [32mhmr update [39m[2m/src/index.css[22m
[2m[WebServer] [22m[2m16:44:31[22m [36m[1m[vite][22m[39m [90m[2m(client)[22m[39m [32mhmr update [39m[2m/src/index.css[22m
[2m[WebServer] [22m[2m16:45:39[22m [36m[1m[vite][22m[39m [90m[2m(client)[22m[39m [32mhmr update [39m[2m/src/index.css[22m
[2m[WebServer] [22m[2m16:45:44[22m [36m[1m[vite][22m[39m [90m[2m(client)[22m[39m [32mhmr update [39m[2m/src/index.css[22m
[2m[WebServer] [22m[2m16:47:57[22m [36m[1m[vite][22m[39m [90m[2m(client)[22m[39m [32mhmr update [39m[2m/src/index.css[22m
[2m[WebServer] [22m[2m16:48:02[22m [36m[1m[vite][22m[39m [90m[2m(client)[22m[39m [32mhmr update [39m[2m/src/index.css[22m
[2m[WebServer] [22m[2m16:49:46[22m [36m[1m[vite][22m[39m [90m[2m(client)[22m[39m [32mhmr update [39m[2m/src/index.css[22m
[2m[WebServer] [22m[2m16:49:46[22m [36m[1m[vite][22m[39m [90m[2m(client)[22m[39m [32mhmr update [39m[2m/src/index.css[22m
